Archive member included because of file (symbol)

/home/eivind/Documents/Cambridge/Classes/EmbeddedSystems/KSDK_1.3.0/lib/ksdk_hal_lib/kds/KL25Z4/debug/libksdk_hal.a(fsl_uart_hal.o)
                              ./Sources/Utilities/fsl_debug_console.o (UART_HAL_SetBaudRate)
/home/eivind/Documents/Cambridge/Classes/EmbeddedSystems/KSDK_1.3.0/lib/ksdk_hal_lib/kds/KL25Z4/debug/libksdk_hal.a(fsl_lpsci_hal.o)
                              ./Sources/Utilities/fsl_debug_console.o (LPSCI_HAL_SetBaudRate)
/home/eivind/Documents/Cambridge/Classes/EmbeddedSystems/KSDK_1.3.0/lib/ksdk_platform_lib/kds/KL25Z4/debug/libksdk_platform.a(fsl_uart_driver.o)
                              ./Sources/Positioning/gps_serial.o (UART_DRV_Init)
/home/eivind/Documents/Cambridge/Classes/EmbeddedSystems/KSDK_1.3.0/lib/ksdk_platform_lib/kds/KL25Z4/debug/libksdk_platform.a(fsl_spi_master_driver.o)
                              ./Sources/Display/oled_spi.o (SPI_DRV_MasterInit)
/home/eivind/Documents/Cambridge/Classes/EmbeddedSystems/KSDK_1.3.0/lib/ksdk_platform_lib/kds/KL25Z4/debug/libksdk_platform.a(fsl_spi_common.o)
                              /home/eivind/Documents/Cambridge/Classes/EmbeddedSystems/KSDK_1.3.0/lib/ksdk_platform_lib/kds/KL25Z4/debug/libksdk_platform.a(fsl_spi_master_driver.o) (g_spiStatePtr)
/home/eivind/Documents/Cambridge/Classes/EmbeddedSystems/KSDK_1.3.0/lib/ksdk_platform_lib/kds/KL25Z4/debug/libksdk_platform.a(fsl_spi_shared_function.o)
                              ./Sources/Utilities/fsl_spi_irq.o (SPI_DRV_IRQHandler)
/home/eivind/Documents/Cambridge/Classes/EmbeddedSystems/KSDK_1.3.0/lib/ksdk_platform_lib/kds/KL25Z4/debug/libksdk_platform.a(fsl_i2c_master_driver.o)
                              ./Sources/Accelerometer/accelerometer.o (I2C_DRV_MasterInit)
/home/eivind/Documents/Cambridge/Classes/EmbeddedSystems/KSDK_1.3.0/lib/ksdk_platform_lib/kds/KL25Z4/debug/libksdk_platform.a(fsl_i2c_common.o)
                              /home/eivind/Documents/Cambridge/Classes/EmbeddedSystems/KSDK_1.3.0/lib/ksdk_platform_lib/kds/KL25Z4/debug/libksdk_platform.a(fsl_i2c_master_driver.o) (g_i2cBase)
/home/eivind/Documents/Cambridge/Classes/EmbeddedSystems/KSDK_1.3.0/lib/ksdk_platform_lib/kds/KL25Z4/debug/libksdk_platform.a(fsl_i2c_shared_function.o)
                              ./Sources/Utilities/fsl_i2c_irq.o (I2C_DRV_IRQHandler)
/home/eivind/Documents/Cambridge/Classes/EmbeddedSystems/KSDK_1.3.0/lib/ksdk_platform_lib/kds/KL25Z4/debug/libksdk_platform.a(fsl_gpio_driver.o)
                              ./Sources/Board/hardware_init.o (GPIO_DRV_Init)
/home/eivind/Documents/Cambridge/Classes/EmbeddedSystems/KSDK_1.3.0/lib/ksdk_platform_lib/kds/KL25Z4/debug/libksdk_platform.a(fsl_clock_MKL25Z4.o)
                              ./Sources/Board/board.o (CLOCK_SYS_SetSimConfigration)
/home/eivind/Documents/Cambridge/Classes/EmbeddedSystems/KSDK_1.3.0/lib/ksdk_platform_lib/kds/KL25Z4/debug/libksdk_platform.a(fsl_clock_manager.o)
                              /home/eivind/Documents/Cambridge/Classes/EmbeddedSystems/KSDK_1.3.0/lib/ksdk_platform_lib/kds/KL25Z4/debug/libksdk_platform.a(fsl_clock_MKL25Z4.o) (CLOCK_SYS_GetSystickFreq)
/home/eivind/Documents/Cambridge/Classes/EmbeddedSystems/KSDK_1.3.0/lib/ksdk_platform_lib/kds/KL25Z4/debug/libksdk_platform.a(fsl_clock_manager_common.o)
                              /home/eivind/Documents/Cambridge/Classes/EmbeddedSystems/KSDK_1.3.0/lib/ksdk_platform_lib/kds/KL25Z4/debug/libksdk_platform.a(fsl_clock_MKL25Z4.o) (g_oscBase)
/home/eivind/Documents/Cambridge/Classes/EmbeddedSystems/KSDK_1.3.0/lib/ksdk_platform_lib/kds/KL25Z4/debug/libksdk_platform.a(fsl_os_abstraction_bm.o)
                              /home/eivind/Documents/Cambridge/Classes/EmbeddedSystems/KSDK_1.3.0/lib/ksdk_platform_lib/kds/KL25Z4/debug/libksdk_platform.a(fsl_uart_driver.o) (OSA_SemaCreate)
/home/eivind/Documents/Cambridge/Classes/EmbeddedSystems/KSDK_1.3.0/lib/ksdk_platform_lib/kds/KL25Z4/debug/libksdk_platform.a(fsl_uart_common.o)
                              /home/eivind/Documents/Cambridge/Classes/EmbeddedSystems/KSDK_1.3.0/lib/ksdk_platform_lib/kds/KL25Z4/debug/libksdk_platform.a(fsl_uart_driver.o) (g_uartStatePtr)
/home/eivind/Documents/Cambridge/Classes/EmbeddedSystems/KSDK_1.3.0/lib/ksdk_platform_lib/kds/KL25Z4/debug/libksdk_platform.a(fsl_spi_hal.o)
                              /home/eivind/Documents/Cambridge/Classes/EmbeddedSystems/KSDK_1.3.0/lib/ksdk_platform_lib/kds/KL25Z4/debug/libksdk_platform.a(fsl_spi_master_driver.o) (SPI_HAL_Init)
/home/eivind/Documents/Cambridge/Classes/EmbeddedSystems/KSDK_1.3.0/lib/ksdk_platform_lib/kds/KL25Z4/debug/libksdk_platform.a(fsl_spi_slave_driver.o)
                              /home/eivind/Documents/Cambridge/Classes/EmbeddedSystems/KSDK_1.3.0/lib/ksdk_platform_lib/kds/KL25Z4/debug/libksdk_platform.a(fsl_spi_shared_function.o) (SPI_DRV_SlaveIRQHandler)
[...]
Memory Configuration

Name             Origin             Length             Attributes
m_interrupts     0x00000000         0x00000100         xr
m_flash_config   0x00000400         0x00000010         xr
m_text           0x00000410         0x0001fbf0         xr
m_data           0x1ffff000         0x00004000         rw
*default*        0x00000000         0xffffffff

Linker script and memory map

LOAD /opt/Freescale/KDS_v3/toolchain/bin/../lib/gcc/arm-none-eabi/4.8.4/armv6-m/crti.o
LOAD /opt/Freescale/KDS_v3/toolchain/bin/../lib/gcc/arm-none-eabi/4.8.4/armv6-m/crtbegin.o
LOAD /opt/Freescale/KDS_v3/toolchain/bin/../lib/gcc/arm-none-eabi/4.8.4/../../../../arm-none-eabi/lib/armv6-m/crt0.o
LOAD ./Sources/Utilities/fsl_debug_console.o
LOAD ./Sources/Utilities/fsl_i2c_irq.o
LOAD ./Sources/Utilities/fsl_misc_utilities.o
LOAD ./Sources/Utilities/fsl_spi_irq.o
LOAD ./Sources/Utilities/fsl_uart_irq.o
LOAD ./Sources/Utilities/print_scan.o
LOAD ./Sources/Positioning/Adafruit_GPS.o
LOAD ./Sources/Positioning/gps.o
LOAD ./Sources/Positioning/gps_serial.o
LOAD ./Sources/KalmanFilter/kalman_filter_small.o
LOAD ./Sources/KalmanFilter/predictor.o
LOAD ./Sources/Display/Adafruit_GFX.o
LOAD ./Sources/Display/Adafruit_SSD1331.o
LOAD ./Sources/Display/display.o
LOAD ./Sources/Display/glcdfont.o
LOAD ./Sources/Display/oled_spi.o
LOAD ./Sources/Common/utils.o
LOAD ./Sources/Board/board.o
LOAD ./Sources/Board/gpio_pins.o
LOAD ./Sources/Board/hardware_init.o
LOAD ./Sources/Board/pin_mux.o
LOAD ./Sources/Accelerometer/accel.o
LOAD ./Sources/Accelerometer/accelerometer.o
LOAD ./Sources/Accelerometer/fxos_api.o
LOAD ./Sources/Accelerometer/mma8451_api.o
LOAD ./Sources/main.o
LOAD ./Project_Settings/Startup_Code/startup.o
LOAD ./Project_Settings/Startup_Code/startup_MKL25Z4.o
LOAD ./Project_Settings/Startup_Code/system_MKL25Z4.o
LOAD /home/eivind/Documents/Cambridge/Classes/EmbeddedSystems/KSDK_1.3.0/lib/ksdk_hal_lib/kds/KL25Z4/debug/libksdk_hal.a
LOAD /home/eivind/Documents/Cambridge/Classes/EmbeddedSystems/KSDK_1.3.0/lib/ksdk_platform_lib/kds/KL25Z4/debug/libksdk_platform.a
LOAD /opt/Freescale/KDS_v3/toolchain/bin/../lib/gcc/arm-none-eabi/4.8.4/../../../../arm-none-eabi/lib/armv6-m/libstdc++_s.a
LOAD /opt/Freescale/KDS_v3/toolchain/bin/../lib/gcc/arm-none-eabi/4.8.4/../../../../arm-none-eabi/lib/armv6-m/libm.a
START GROUP
LOAD /opt/Freescale/KDS_v3/toolchain/bin/../lib/gcc/arm-none-eabi/4.8.4/armv6-m/libgcc.a
LOAD /opt/Freescale/KDS_v3/toolchain/bin/../lib/gcc/arm-none-eabi/4.8.4/../../../../arm-none-eabi/lib/armv6-m/libg_s.a
LOAD /opt/Freescale/KDS_v3/toolchain/bin/../lib/gcc/arm-none-eabi/4.8.4/../../../../arm-none-eabi/lib/armv6-m/libc_s.a
END GROUP
START GROUP
LOAD /opt/Freescale/KDS_v3/toolchain/bin/../lib/gcc/arm-none-eabi/4.8.4/armv6-m/libgcc.a
LOAD /opt/Freescale/KDS_v3/toolchain/bin/../lib/gcc/arm-none-eabi/4.8.4/../../../../arm-none-eabi/lib/armv6-m/libc_s.a
LOAD /opt/Freescale/KDS_v3/toolchain/bin/../lib/gcc/arm-none-eabi/4.8.4/../../../../arm-none-eabi/lib/armv6-m/libnosys.a
END GROUP
START GROUP
LOAD /opt/Freescale/KDS_v3/toolchain/bin/../lib/gcc/arm-none-eabi/4.8.4/armv6-m/libgcc.a
LOAD /opt/Freescale/KDS_v3/toolchain/bin/../lib/gcc/arm-none-eabi/4.8.4/../../../../arm-none-eabi/lib/armv6-m/libc_s.a
LOAD /opt/Freescale/KDS_v3/toolchain/bin/../lib/gcc/arm-none-eabi/4.8.4/../../../../arm-none-eabi/lib/armv6-m/libnosys.a
END GROUP
LOAD /opt/Freescale/KDS_v3/toolchain/bin/../lib/gcc/arm-none-eabi/4.8.4/armv6-m/crtend.o
LOAD /opt/Freescale/KDS_v3/toolchain/bin/../lib/gcc/arm-none-eabi/4.8.4/armv6-m/crtn.o
                0x00000400                HEAP_SIZE = DEFINED (__heap_size__)?__heap_size__:0x400
                0x00000400                STACK_SIZE = DEFINED (__stack_size__)?__stack_size__:0x400
                0x00000000                M_VECTOR_RAM_SIZE = DEFINED (__ram_vector_table__)?0x100:0x0

.interrupts     0x00000000       0xc0
                0x00000000                __VECTOR_TABLE = .
                0x00000000                . = ALIGN (0x4)
 *(.isr_vector)
 .isr_vector    0x00000000       0xc0 ./Project_Settings/Startup_Code/startup_MKL25Z4.o
                0x00000000                __isr_vector
                0x000000c0                . = ALIGN (0x4)

.flash_config   0x00000400       0x10
                0x00000400                . = ALIGN (0x4)
 *(.FlashConfig)
 .FlashConfig   0x00000400       0x10 ./Project_Settings/Startup_Code/startup_MKL25Z4.o
                0x00000410                . = ALIGN (0x4)

.text           0x00000410    0x1a454
                0x00000410                . = ALIGN (0x4)
 *(.text)
 .text          0x00000410       0x60 /opt/Freescale/KDS_v3/toolchain/bin/../lib/gcc/arm-none-eabi/4.8.4/armv6-m/crtbegin.o
 .text          0x00000470       0x78 /opt/Freescale/KDS_v3/toolchain/bin/../lib/gcc/arm-none-eabi/4.8.4/../../../../arm-none-eabi/lib/armv6-m/crt0.o
                0x00000470                _mainCRTStartup
                0x00000470                _start
 .text          0x000004e8       0x18 ./Project_Settings/Startup_Code/startup_MKL25Z4.o
                0x000004e8                Reset_Handler
                0x000004f8                HardFault_Handler
                0x000004f8                SysTick_Handler
                0x000004f8                PendSV_Handler
                0x000004f8                NMI_Handler
                0x000004f8                DMA2_IRQHandler
                0x000004f8                TPM0_IRQHandler
                0x000004f8                LLWU_IRQHandler
                0x000004f8                TSI0_IRQHandler
                0x000004f8                UART0_IRQHandler
                0x000004f8                ADC0_IRQHandler
                0x000004f8                Reserved39_IRQHandler
                0x000004f8                DefaultISR
                0x000004f8                PORTD_IRQHandler
                0x000004f8                TPM2_IRQHandler
                0x000004f8                RTC_IRQHandler
                0x000004f8                RTC_Seconds_IRQHandler
                0x000004f8                MCG_IRQHandler
                0x000004f8                Reserved20_IRQHandler
                0x000004f8                USB0_IRQHandler
                0x000004f8                PIT_IRQHandler
                0x000004f8                SVC_Handler
                0x000004f8                DMA3_IRQHandler
                0x000004f8                DMA0_IRQHandler
                0x000004f8                DAC0_IRQHandler
                0x000004f8                Reserved45_IRQHandler
                0x000004f8                TPM1_IRQHandler
                0x000004f8                LVD_LVW_IRQHandler
                0x000004f8                PORTA_IRQHandler
                0x000004f8                FTFA_IRQHandler
                0x000004f8                LPTMR0_IRQHandler
                0x000004f8                CMP0_IRQHandler
                0x000004f8                DMA1_IRQHandler
 .text          0x00000500     0x5d44 /opt/Freescale/KDS_v3/toolchain/bin/../lib/gcc/arm-none-eabi/4.8.4/../../../../arm-none-eabi/lib/armv6-m/libstdc++_s.a(cp-demangle.o)
                0x0000615c                __cxa_demangle
                0x00006220                __gcclibcxx_demangle_callback
 .text          0x00006244       0x14 /opt/Freescale/KDS_v3/toolchain/bin/../lib/gcc/arm-none-eabi/4.8.4/armv6-m/libgcc.a(_thumb1_case_shi.o)
                0x00006244                __gnu_thumb1_case_shi
 .text          0x00006258       0x9c /opt/Freescale/KDS_v3/toolchain/bin/../lib/gcc/arm-none-eabi/4.8.4/armv6-m/libgcc.a(_udivsi3.o)
                0x00006258                __udivsi3
                0x00006258                __aeabi_uidiv
                0x000062e0                __aeabi_uidivmod
 .text          0x000062f4       0xc0 /opt/Freescale/KDS_v3/toolchain/bin/../lib/gcc/arm-none-eabi/4.8.4/armv6-m/libgcc.a(_divsi3.o)
                0x000062f4                __aeabi_idiv
                0x000062f4                __divsi3
                0x000063a0                __aeabi_idivmod
 .text          0x000063b4        0x4 /opt/Freescale/KDS_v3/toolchain/bin/../lib/gcc/arm-none-eabi/4.8.4/armv6-m/libgcc.a(_dvmd_tls.o)
                0x000063b4                __aeabi_ldiv0
                0x000063b4                __aeabi_idiv0
 .text          0x000063b8       0x7c /opt/Freescale/KDS_v3/toolchain/bin/../lib/gcc/arm-none-eabi/4.8.4/armv6-m/libgcc.a(_arm_cmpdf2.o)
                0x000063b8                __aeabi_cdrcmple
                0x000063c8                __aeabi_cdcmple
                0x000063c8                __aeabi_cdcmpeq
                0x000063d8                __aeabi_dcmpeq
                0x000063e4                __aeabi_dcmplt
                0x000063f8                __aeabi_dcmple
                0x0000640c                __aeabi_dcmpgt
                0x00006420                __aeabi_dcmpge
 .text          0x00006434       0x74 /opt/Freescale/KDS_v3/toolchain/bin/../lib/gcc/arm-none-eabi/4.8.4/armv6-m/libgcc.a(_arm_cmpsf2.o)
                0x00006434                __aeabi_cfrcmple
                0x0000643c                __aeabi_cfcmple
                0x0000643c                __aeabi_cfcmpeq
                0x0000644c                __aeabi_fcmpeq
                0x00006458                __aeabi_fcmplt
                0x0000646c                __aeabi_fcmple
                0x00006480                __aeabi_fcmpgt
                0x00006494                __aeabi_fcmpge
 .text          0x000064a8       0x30 /opt/Freescale/KDS_v3/toolchain/bin/../lib/gcc/arm-none-eabi/4.8.4/armv6-m/libgcc.a(_fixunssfsi.o)
                0x000064a8                __aeabi_f2uiz
                0x000064a8                __fixunssfsi
 .text          0x000064d8       0x40 /opt/Freescale/KDS_v3/toolchain/bin/../lib/gcc/arm-none-eabi/4.8.4/armv6-m/libgcc.a(_fixunsdfsi.o)
                0x000064d8                __fixunsdfsi
                0x000064d8                __aeabi_d2uiz
 .text          0x00006518      0x2d8 /opt/Freescale/KDS_v3/toolchain/bin/../lib/gcc/arm-none-eabi/4.8.4/armv6-m/libgcc.a(addsf3.o)
                0x00006518                __aeabi_fadd
 .text          0x000067f0      0x24c /opt/Freescale/KDS_v3/toolchain/bin/../lib/gcc/arm-none-eabi/4.8.4/armv6-m/libgcc.a(divsf3.o)
                0x000067f0                __aeabi_fdiv
 .text          0x00006a3c       0x54 /opt/Freescale/KDS_v3/toolchain/bin/../lib/gcc/arm-none-eabi/4.8.4/armv6-m/libgcc.a(eqsf2.o)
                0x00006a3c                __nesf2
                0x00006a3c                __eqsf2
 .text          0x00006a90       0x90 /opt/Freescale/KDS_v3/toolchain/bin/../lib/gcc/arm-none-eabi/4.8.4/armv6-m/libgcc.a(gesf2.o)
                0x00006a90                __gtsf2
                0x00006a90                __gesf2
 .text          0x00006b20       0x98 /opt/Freescale/KDS_v3/toolchain/bin/../lib/gcc/arm-none-eabi/4.8.4/armv6-m/libgcc.a(lesf2.o)
                0x00006b20                __lesf2
                0x00006b20                __ltsf2
 .text          0x00006bb8      0x254 /opt/Freescale/KDS_v3/toolchain/bin/../lib/gcc/arm-none-eabi/4.8.4/armv6-m/libgcc.a(mulsf3.o)
                0x00006bb8                __aeabi_fmul
 .text          0x00006e0c      0x2ec /opt/Freescale/KDS_v3/toolchain/bin/../lib/gcc/arm-none-eabi/4.8.4/armv6-m/libgcc.a(subsf3.o)
                0x00006e0c                __aeabi_fsub
 .text          0x000070f8       0x40 /opt/Freescale/KDS_v3/toolchain/bin/../lib/gcc/arm-none-eabi/4.8.4/armv6-m/libgcc.a(fixsfsi.o)
                0x000070f8                __aeabi_f2iz
 .text          0x00007138       0xb8 /opt/Freescale/KDS_v3/toolchain/bin/../lib/gcc/arm-none-eabi/4.8.4/armv6-m/libgcc.a(floatsisf.o)
                0x00007138                __aeabi_i2f
 .text          0x000071f0       0xa0 /opt/Freescale/KDS_v3/toolchain/bin/../lib/gcc/arm-none-eabi/4.8.4/armv6-m/libgcc.a(floatunsisf.o)
                0x000071f0                __aeabi_ui2f
 .text          0x00007290      0x644 /opt/Freescale/KDS_v3/toolchain/bin/../lib/gcc/arm-none-eabi/4.8.4/armv6-m/libgcc.a(adddf3.o)
                0x00007290                __aeabi_dadd
 .text          0x000078d4      0x648 /opt/Freescale/KDS_v3/toolchain/bin/../lib/gcc/arm-none-eabi/4.8.4/armv6-m/libgcc.a(divdf3.o)
                0x000078d4                __aeabi_ddiv
 .text          0x00007f1c       0x94 /opt/Freescale/KDS_v3/toolchain/bin/../lib/gcc/arm-none-eabi/4.8.4/armv6-m/libgcc.a(eqdf2.o)
                0x00007f1c                __eqdf2
                0x00007f1c                __nedf2
 .text          0x00007fb0       0xfc /opt/Freescale/KDS_v3/toolchain/bin/../lib/gcc/arm-none-eabi/4.8.4/armv6-m/libgcc.a(gedf2.o)
                0x00007fb0                __gtdf2
                0x00007fb0                __gedf2
 .text          0x000080ac       0xfc /opt/Freescale/KDS_v3/toolchain/bin/../lib/gcc/arm-none-eabi/4.8.4/armv6-m/libgcc.a(ledf2.o)
                0x000080ac                __ltdf2
                0x000080ac                __ledf2
 .text          0x000081a8      0x520 /opt/Freescale/KDS_v3/toolchain/bin/../lib/gcc/arm-none-eabi/4.8.4/armv6-m/libgcc.a(muldf3.o)
                0x000081a8                __aeabi_dmul
 .text          0x000086c8      0x668 /opt/Freescale/KDS_v3/toolchain/bin/../lib/gcc/arm-none-eabi/4.8.4/armv6-m/libgcc.a(subdf3.o)
                0x000086c8                __aeabi_dsub
 .text          0x00008d30       0x68 /opt/Freescale/KDS_v3/toolchain/bin/../lib/gcc/arm-none-eabi/4.8.4/armv6-m/libgcc.a(fixdfsi.o)
                0x00008d30                __aeabi_d2iz
 .text          0x00008d98       0x7c /opt/Freescale/KDS_v3/toolchain/bin/../lib/gcc/arm-none-eabi/4.8.4/armv6-m/libgcc.a(floatsidf.o)
                0x00008d98                __aeabi_i2d
 .text          0x00008e14       0xa4 /opt/Freescale/KDS_v3/toolchain/bin/../lib/gcc/arm-none-eabi/4.8.4/armv6-m/libgcc.a(extendsfdf2.o)
                0x00008e14                __aeabi_f2d
 .text          0x00008eb8      0x118 /opt/Freescale/KDS_v3/toolchain/bin/../lib/gcc/arm-none-eabi/4.8.4/armv6-m/libgcc.a(truncdfsf2.o)
                0x00008eb8                __aeabi_d2f
 .text          0x00008fd0       0x3c /opt/Freescale/KDS_v3/toolchain/bin/../lib/gcc/arm-none-eabi/4.8.4/armv6-m/libgcc.a(_clzsi2.o)
                0x00008fd0                __clzsi2
 .text          0x0000900c       0x14 /opt/Freescale/KDS_v3/toolchain/bin/../lib/gcc/arm-none-eabi/4.8.4/../../../../arm-none-eabi/lib/armv6-m/libg_s.a(lib_a-strcmp.o)
                0x0000900c                strcmp
 .text          0x00009020       0x14 /opt/Freescale/KDS_v3/toolchain/bin/../lib/gcc/arm-none-eabi/4.8.4/armv6-m/libgcc.a(_thumb1_case_uqi.o)
                0x00009020                __gnu_thumb1_case_uqi
 .text          0x00009034       0x68 /opt/Freescale/KDS_v3/toolchain/bin/../lib/gcc/arm-none-eabi/4.8.4/armv6-m/libgcc.a(floatunsidf.o)
                0x00009034                __aeabi_ui2d
 *(.text*)
 .text.debug_putc
                0x0000909c       0x28 ./Sources/Utilities/fsl_debug_console.o
 .text.DbgConsole_Init
                0x000090c4      0x100 ./Sources/Utilities/fsl_debug_console.o
                0x000090c4                DbgConsole_Init
 .text._write   0x000091c4       0x2c ./Sources/Utilities/fsl_debug_console.o
                0x000091c4                _write
 .text._read    0x000091f0       0x28 ./Sources/Utilities/fsl_debug_console.o
                0x000091f0                _read
 .text.debug_printf
                0x00009218       0x38 ./Sources/Utilities/fsl_debug_console.o
                0x00009218                debug_printf
 .text.I2C0_IRQHandler
                0x00009250        0xa ./Sources/Utilities/fsl_i2c_irq.o
                0x00009250                I2C0_IRQHandler
 .text.I2C1_IRQHandler
                0x0000925a        0xa ./Sources/Utilities/fsl_i2c_irq.o
                0x0000925a                I2C1_IRQHandler
 .text._sbrk    0x00009264       0x38 ./Sources/Utilities/fsl_misc_utilities.o
                0x00009264                _sbrk
 .text.SPI0_IRQHandler
                0x0000929c        0xa ./Sources/Utilities/fsl_spi_irq.o
                0x0000929c                SPI0_IRQHandler
 .text.SPI1_IRQHandler
                0x000092a6        0xa ./Sources/Utilities/fsl_spi_irq.o
                0x000092a6                SPI1_IRQHandler
 .text.UART1_IRQHandler
                0x000092b0        0xa ./Sources/Utilities/fsl_uart_irq.o
                0x000092b0                UART1_IRQHandler
 .text.UART2_IRQHandler
                0x000092ba        0xa ./Sources/Utilities/fsl_uart_irq.o
                0x000092ba                UART2_IRQHandler
 .text.mknumstr
                0x000092c4       0x86 ./Sources/Utilities/print_scan.o
 .text.fput_pad.isra.0
                0x0000934a       0x22 ./Sources/Utilities/print_scan.o
 .text._doprint
                0x0000936c      0x400 ./Sources/Utilities/print_scan.o
                0x0000936c                _doprint
 .text._ZN12Adafruit_GPS5beginEm
                0x0000976c       0x10 ./Sources/Positioning/Adafruit_GPS.o
                0x0000976c                Adafruit_GPS::begin(unsigned long)
 .text._ZN12Adafruit_GPS11sendCommandEPKc
                0x0000977c        0xa ./Sources/Positioning/Adafruit_GPS.o
                0x0000977c                Adafruit_GPS::sendCommand(char const*)
 .text._ZN12Adafruit_GPS11common_initEv
                0x00009786       0x3c ./Sources/Positioning/Adafruit_GPS.o
                0x00009786                Adafruit_GPS::common_init()
 .text._ZN12Adafruit_GPSC2Ev
                0x000097c2        0xc ./Sources/Positioning/Adafruit_GPS.o
                0x000097c2                Adafruit_GPS::Adafruit_GPS()
                0x000097c2                Adafruit_GPS::Adafruit_GPS()
 *fill*         0x000097ce        0x2 
 .text._ZN12Adafruit_GPS15newNMEAreceivedEv
                0x000097d0        0xc ./Sources/Positioning/Adafruit_GPS.o
                0x000097d0                Adafruit_GPS::newNMEAreceived()
 .text._ZN12Adafruit_GPS8lastNMEAEv
                0x000097dc       0x14 ./Sources/Positioning/Adafruit_GPS.o
                0x000097dc                Adafruit_GPS::lastNMEA()
 .text._ZN12Adafruit_GPS8parseHexEc
                0x000097f0       0x1e ./Sources/Positioning/Adafruit_GPS.o
                0x000097f0                Adafruit_GPS::parseHex(char)
 *fill*         0x0000980e        0x2 
 .text._ZN12Adafruit_GPS5parseEPc
                0x00009810      0x6d8 ./Sources/Positioning/Adafruit_GPS.o
                0x00009810                Adafruit_GPS::parse(char*)
 .text.init_gps
                0x00009ee8       0x5c ./Sources/Positioning/gps.o
                0x00009ee8                init_gps
 *fill*         0x00009f44        0x4 
 .text.gps_read
                0x00009f48      0x208 ./Sources/Positioning/gps.o
                0x00009f48                gps_read
 .text.startup._GLOBAL__sub_I_init_gps
                0x0000a150       0x10 ./Sources/Positioning/gps.o
 .text.serial_callback
                0x0000a160       0x74 ./Sources/Positioning/gps_serial.o
 .text.serial_delay
                0x0000a1d4        0x8 ./Sources/Positioning/gps_serial.o
                0x0000a1d4                serial_delay
 .text.serial_init
                0x0000a1dc       0x7c ./Sources/Positioning/gps_serial.o
                0x0000a1dc                serial_init
 .text.print_last_NMEA
                0x0000a258       0x1c ./Sources/Positioning/gps_serial.o
                0x0000a258                print_last_NMEA
 .text.serial_println
                0x0000a274       0x38 ./Sources/Positioning/gps_serial.o
                0x0000a274                serial_println
 .text._ZN12KalmanFilter14getStateVectorEv
                0x0000a2ac        0xc ./Sources/KalmanFilter/kalman_filter_small.o
                0x0000a2ac                KalmanFilter::getStateVector()
 .text._ZN5Eigen8internal19variable_if_dynamicIiLi3EEC2Ei
                0x0000a2b8       0x20 ./Sources/KalmanFilter/kalman_filter_small.o
                0x0000a2b8                Eigen::internal::variable_if_dynamic<int, 3>::variable_if_dynamic(int)
                0x0000a2b8                Eigen::internal::variable_if_dynamic<int, 3>::variable_if_dynamic(int)
 .text._ZN5Eigen8internal19variable_if_dynamicIiLi1EEC2Ei
                0x0000a2d8       0x20 ./Sources/KalmanFilter/kalman_filter_small.o
                0x0000a2d8                Eigen::internal::variable_if_dynamic<int, 1>::variable_if_dynamic(int)
                0x0000a2d8                Eigen::internal::variable_if_dynamic<int, 1>::variable_if_dynamic(int)
 .text._ZN5Eigen8internal31generic_dense_assignment_kernelINS0_9evaluatorINS_6MatrixIfLi3ELi1ELi0ELi3ELi1EEEEES5_NS0_9assign_opIffEELi0EE11assignCoeffEi
                0x0000a2f8       0x10 ./Sources/KalmanFilter/kalman_filter_small.o
                0x0000a2f8                Eigen::internal::generic_dense_assignment_kernel<Eigen::internal::evaluator<Eigen::Matrix<float, 3, 1, 0, 3, 1> >, Eigen::internal::evaluator<Eigen::Matrix<float, 3, 1, 0, 3, 1> >, Eigen::internal::assign_op<float, float>, 0>::assignCoeff(int)
 .text._ZN5Eigen8internal54copy_using_evaluator_LinearTraversal_CompleteUnrollingINS0_31generic_dense_assignment_kernelINS0_9evaluatorINS_6MatrixIfLi3ELi1ELi0ELi3ELi1EEEEES6_NS0_9assign_opIffEELi0EEELi1ELi3EE3runERS9_
                0x0000a308       0x14 ./Sources/KalmanFilter/kalman_filter_small.o
                0x0000a308                Eigen::internal::copy_using_evaluator_LinearTraversal_CompleteUnrolling<Eigen::internal::generic_dense_assignment_kernel<Eigen::internal::evaluator<Eigen::Matrix<float, 3, 1, 0, 3, 1> >, Eigen::internal::evaluator<Eigen::Matrix<float, 3, 1, 0, 3, 1> >, Eigen::internal::assign_op<float, float>, 0>, 1, 3>::run(Eigen::internal::generic_dense_assignment_kernel<Eigen::internal::evaluator<Eigen::Matrix<float, 3, 1, 0, 3, 1> >, Eigen::internal::evaluator<Eigen::Matrix<float, 3, 1, 0, 3, 1> >, Eigen::internal::assign_op<float, float>, 0>&)
 .text._ZN5Eigen8internal31generic_dense_assignment_kernelINS0_9evaluatorINS_6MatrixIfLi3ELi1ELi0ELi3ELi1EEEEENS2_INS_13CwiseBinaryOpINS0_18scalar_quotient_opIffEEKNS_7ProductINS3_IfLi3ELi3ELi0ELi3ELi3EEENS_9TransposeINS3_IfLi1ELi3ELi1ELi1ELi3EEEEELi0EEEKNS_14CwiseNullaryOpINS0_18scalar_constant_opIfEEKS4_EEEEEENS0_9assign_opIffEELi0EE11assignCoeffEi
                0x0000a31c       0x16 ./Sources/KalmanFilter/kalman_filter_small.o
                0x0000a31c                Eigen::internal::generic_dense_assignment_kernel<Eigen::internal::evaluator<Eigen::Matrix<float, 3, 1, 0, 3, 1> >, Eigen::internal::evaluator<Eigen::CwiseBinaryOp<Eigen::internal::scalar_quotient_op<float, float>, Eigen::Product<Eigen::Matrix<float, 3, 3, 0, 3, 3>, Eigen::Transpose<Eigen::Matrix<float, 1, 3, 1, 1, 3> >, 0> const, Eigen::CwiseNullaryOp<Eigen::internal::scalar_constant_op<float>, Eigen::Matrix<float, 3, 1, 0, 3, 1> const> const> >, Eigen::internal::assign_op<float, float>, 0>::assignCoeff(int)
 .text._ZN5Eigen8internal31generic_dense_assignment_kernelINS0_9evaluatorINS_6MatrixIfLi3ELi3ELi0ELi3ELi3EEEEES5_NS0_9assign_opIffEELi0EE11assignCoeffEi
                0x0000a332       0x10 ./Sources/KalmanFilter/kalman_filter_small.o
                0x0000a332                Eigen::internal::generic_dense_assignment_kernel<Eigen::internal::evaluator<Eigen::Matrix<float, 3, 3, 0, 3, 3> >, Eigen::internal::evaluator<Eigen::Matrix<float, 3, 3, 0, 3, 3> >, Eigen::internal::assign_op<float, float>, 0>::assignCoeff(int)
 .text._ZN5Eigen8internal26call_dense_assignment_loopINS_6MatrixIfLi3ELi3ELi0ELi3ELi3EEES3_NS0_9assign_opIffEEEEvRT_RKT0_RKT1_
                0x0000a342       0x5e ./Sources/KalmanFilter/kalman_filter_small.o
                0x0000a342                void Eigen::internal::call_dense_assignment_loop<Eigen::Matrix<float, 3, 3, 0, 3, 3>, Eigen::Matrix<float, 3, 3, 0, 3, 3>, Eigen::internal::assign_op<float, float> >(Eigen::Matrix<float, 3, 3, 0, 3, 3>&, Eigen::Matrix<float, 3, 3, 0, 3, 3> const&, Eigen::internal::assign_op<float, float> const&)
 .text._ZN5Eigen8internal31generic_dense_assignment_kernelINS0_9evaluatorINS_6MatrixIfLi3ELi1ELi0ELi3ELi1EEEEENS2_INS_13CwiseBinaryOpINS0_13scalar_sum_opIffEEKS4_KNS6_INS0_17scalar_product_opIffEES9_KNS_14CwiseNullaryOpINS0_18scalar_constant_opIfEES9_EEEEEEEENS0_9assign_opIffEELi0EE11assignCoeffEi
                0x0000a3a0       0x20 ./Sources/KalmanFilter/kalman_filter_small.o
                0x0000a3a0                Eigen::internal::generic_dense_assignment_kernel<Eigen::internal::evaluator<Eigen::Matrix<float, 3, 1, 0, 3, 1> >, Eigen::internal::evaluator<Eigen::CwiseBinaryOp<Eigen::internal::scalar_sum_op<float, float>, Eigen::Matrix<float, 3, 1, 0, 3, 1> const, Eigen::CwiseBinaryOp<Eigen::internal::scalar_product_op<float, float>, Eigen::Matrix<float, 3, 1, 0, 3, 1> const, Eigen::CwiseNullaryOp<Eigen::internal::scalar_constant_op<float>, Eigen::Matrix<float, 3, 1, 0, 3, 1> const> const> const> >, Eigen::internal::assign_op<float, float>, 0>::assignCoeff(int)
 .text._ZN5Eigen8internal31generic_dense_assignment_kernelINS0_9evaluatorINS_6MatrixIfLi3ELi3ELi0ELi3ELi3EEEEENS2_INS_13CwiseBinaryOpINS0_17scalar_product_opIffEEKNS_14CwiseNullaryOpINS0_18scalar_identity_opIfEES4_EEKNS9_INS0_18scalar_constant_opIfEEKS4_EEEEEENS0_9assign_opIffEELi0EE11assignCoeffEii
                0x0000a3c0       0x26 ./Sources/KalmanFilter/kalman_filter_small.o
                0x0000a3c0                Eigen::internal::generic_dense_assignment_kernel<Eigen::internal::evaluator<Eigen::Matrix<float, 3, 3, 0, 3, 3> >, Eigen::internal::evaluator<Eigen::CwiseBinaryOp<Eigen::internal::scalar_product_op<float, float>, Eigen::CwiseNullaryOp<Eigen::internal::scalar_identity_op<float>, Eigen::Matrix<float, 3, 3, 0, 3, 3> > const, Eigen::CwiseNullaryOp<Eigen::internal::scalar_constant_op<float>, Eigen::Matrix<float, 3, 3, 0, 3, 3> const> const> >, Eigen::internal::assign_op<float, float>, 0>::assignCoeff(int, int)
 .text._ZN5Eigen8internal55copy_using_evaluator_DefaultTraversal_CompleteUnrollingINS0_31generic_dense_assignment_kernelINS0_9evaluatorINS_6MatrixIfLi3ELi3ELi0ELi3ELi3EEEEENS3_INS_13CwiseBinaryOpINS0_17scalar_product_opIffEEKNS_14CwiseNullaryOpINS0_18scalar_identity_opIfEES5_EEKNSA_INS0_18scalar_constant_opIfEEKS5_EEEEEENS0_9assign_opIffEELi0EEELi2ELi9EE3runERSO_
                0x0000a3e6       0x4a ./Sources/KalmanFilter/kalman_filter_small.o
                0x0000a3e6                Eigen::internal::copy_using_evaluator_DefaultTraversal_CompleteUnrolling<Eigen::internal::generic_dense_assignment_kernel<Eigen::internal::evaluator<Eigen::Matrix<float, 3, 3, 0, 3, 3> >, Eigen::internal::evaluator<Eigen::CwiseBinaryOp<Eigen::internal::scalar_product_op<float, float>, Eigen::CwiseNullaryOp<Eigen::internal::scalar_identity_op<float>, Eigen::Matrix<float, 3, 3, 0, 3, 3> > const, Eigen::CwiseNullaryOp<Eigen::internal::scalar_constant_op<float>, Eigen::Matrix<float, 3, 3, 0, 3, 3> const> const> >, Eigen::internal::assign_op<float, float>, 0>, 2, 9>::run(Eigen::internal::generic_dense_assignment_kernel<Eigen::internal::evaluator<Eigen::Matrix<float, 3, 3, 0, 3, 3> >, Eigen::internal::evaluator<Eigen::CwiseBinaryOp<Eigen::internal::scalar_product_op<float, float>, Eigen::CwiseNullaryOp<Eigen::internal::scalar_identity_op<float>, Eigen::Matrix<float, 3, 3, 0, 3, 3> > const, Eigen::CwiseNullaryOp<Eigen::internal::scalar_constant_op<float>, Eigen::Matrix<float, 3, 3, 0, 3, 3> const> const> >, Eigen::internal::assign_op<float, float>, 0>&)
 .text._ZN12KalmanFilterC2Ev
                0x0000a430       0x48 ./Sources/KalmanFilter/kalman_filter_small.o
                0x0000a430                KalmanFilter::KalmanFilter()
                0x0000a430                KalmanFilter::KalmanFilter()
 .text._ZN5Eigen8internal31generic_dense_assignment_kernelINS0_9evaluatorINS_6MatrixIfLi3ELi3ELi0ELi3ELi3EEEEENS2_INS_13CwiseBinaryOpINS0_13scalar_sum_opIffEEKNS_7ProductINS9_IS4_S4_Li0EEENS_9TransposeIS4_EELi0EEEKS4_EEEENS0_9assign_opIffEELi0EE11assignCoeffEii
                0x0000a478       0x28 ./Sources/KalmanFilter/kalman_filter_small.o
                0x0000a478                Eigen::internal::generic_dense_assignment_kernel<Eigen::internal::evaluator<Eigen::Matrix<float, 3, 3, 0, 3, 3> >, Eigen::internal::evaluator<Eigen::CwiseBinaryOp<Eigen::internal::scalar_sum_op<float, float>, Eigen::Product<Eigen::Product<Eigen::Matrix<float, 3, 3, 0, 3, 3>, Eigen::Matrix<float, 3, 3, 0, 3, 3>, 0>, Eigen::Transpose<Eigen::Matrix<float, 3, 3, 0, 3, 3> >, 0> const, Eigen::Matrix<float, 3, 3, 0, 3, 3> const> >, Eigen::internal::assign_op<float, float>, 0>::assignCoeff(int, int)
 .text._ZN5Eigen8internal55copy_using_evaluator_DefaultTraversal_CompleteUnrollingINS0_31generic_dense_assignment_kernelINS0_9evaluatorINS_6MatrixIfLi3ELi3ELi0ELi3ELi3EEEEENS3_INS_13CwiseBinaryOpINS0_13scalar_sum_opIffEEKNS_7ProductINSA_IS5_S5_Li0EEENS_9TransposeIS5_EELi0EEEKS5_EEEENS0_9assign_opIffEELi0EEELi0ELi9EE3runERSL_
                0x0000a4a0       0x5e ./Sources/KalmanFilter/kalman_filter_small.o
                0x0000a4a0                Eigen::internal::copy_using_evaluator_DefaultTraversal_CompleteUnrolling<Eigen::internal::generic_dense_assignment_kernel<Eigen::internal::evaluator<Eigen::Matrix<float, 3, 3, 0, 3, 3> >, Eigen::internal::evaluator<Eigen::CwiseBinaryOp<Eigen::internal::scalar_sum_op<float, float>, Eigen::Product<Eigen::Product<Eigen::Matrix<float, 3, 3, 0, 3, 3>, Eigen::Matrix<float, 3, 3, 0, 3, 3>, 0>, Eigen::Transpose<Eigen::Matrix<float, 3, 3, 0, 3, 3> >, 0> const, Eigen::Matrix<float, 3, 3, 0, 3, 3> const> >, Eigen::internal::assign_op<float, float>, 0>, 0, 9>::run(Eigen::internal::generic_dense_assignment_kernel<Eigen::internal::evaluator<Eigen::Matrix<float, 3, 3, 0, 3, 3> >, Eigen::internal::evaluator<Eigen::CwiseBinaryOp<Eigen::internal::scalar_sum_op<float, float>, Eigen::Product<Eigen::Product<Eigen::Matrix<float, 3, 3, 0, 3, 3>, Eigen::Matrix<float, 3, 3, 0, 3, 3>, 0>, Eigen::Transpose<Eigen::Matrix<float, 3, 3, 0, 3, 3> >, 0> const, Eigen::Matrix<float, 3, 3, 0, 3, 3> const> >, Eigen::internal::assign_op<float, float>, 0>&)
 .text._ZN5Eigen8internal15BlockImpl_denseIKNS_6MatrixIfLi3ELi3ELi0ELi3ELi3EEELi1ELi3ELb0ELb1EEC2ERKS5_
                0x0000a4fe       0x16 ./Sources/KalmanFilter/kalman_filter_small.o
                0x0000a4fe                Eigen::internal::BlockImpl_dense<Eigen::Matrix<float, 3, 3, 0, 3, 3> const, 1, 3, false, true>::BlockImpl_dense(Eigen::internal::BlockImpl_dense<Eigen::Matrix<float, 3, 3, 0, 3, 3> const, 1, 3, false, true> const&)
                0x0000a4fe                Eigen::internal::BlockImpl_dense<Eigen::Matrix<float, 3, 3, 0, 3, 3> const, 1, 3, false, true>::BlockImpl_dense(Eigen::internal::BlockImpl_dense<Eigen::Matrix<float, 3, 3, 0, 3, 3> const, 1, 3, false, true> const&)
 .text._ZN5Eigen5BlockIKNS_6MatrixIfLi3ELi3ELi0ELi3ELi3EEELi1ELi3ELb0EEC2ERS3_i
                0x0000a514       0x34 ./Sources/KalmanFilter/kalman_filter_small.o
                0x0000a514                Eigen::Block<Eigen::Matrix<float, 3, 3, 0, 3, 3> const, 1, 3, false>::Block(Eigen::Matrix<float, 3, 3, 0, 3, 3> const&, int)
                0x0000a514                Eigen::Block<Eigen::Matrix<float, 3, 3, 0, 3, 3> const, 1, 3, false>::Block(Eigen::Matrix<float, 3, 3, 0, 3, 3> const&, int)
 .text._ZN5Eigen5BlockIKNS_6MatrixIfLi3ELi3ELi0ELi3ELi3EEELi3ELi1ELb1EEC2ERS3_i
                0x0000a548       0x38 ./Sources/KalmanFilter/kalman_filter_small.o
                0x0000a548                Eigen::Block<Eigen::Matrix<float, 3, 3, 0, 3, 3> const, 3, 1, true>::Block(Eigen::Matrix<float, 3, 3, 0, 3, 3> const&, int)
                0x0000a548                Eigen::Block<Eigen::Matrix<float, 3, 3, 0, 3, 3> const, 3, 1, true>::Block(Eigen::Matrix<float, 3, 3, 0, 3, 3> const&, int)
 .text._ZN5Eigen8internal16binary_evaluatorINS_13CwiseBinaryOpINS0_17scalar_product_opIffEEKNS_9TransposeIKNS_5BlockIKNS_6MatrixIfLi3ELi3ELi1ELi3ELi3EEELi1ELi3ELb1EEEEEKNS6_IKNS7_IfLi3ELi3ELi0ELi3ELi3EEELi3ELi1ELb1EEEEENS0_10IndexBasedESJ_ffE4DataC2ERKSI_
                0x0000a580       0x24 ./Sources/KalmanFilter/kalman_filter_small.o
                0x0000a580                Eigen::internal::binary_evaluator<Eigen::CwiseBinaryOp<Eigen::internal::scalar_product_op<float, float>, Eigen::Transpose<Eigen::Block<Eigen::Matrix<float, 3, 3, 1, 3, 3> const, 1, 3, true> const> const, Eigen::Block<Eigen::Matrix<float, 3, 3, 0, 3, 3> const, 3, 1, true> const>, Eigen::internal::IndexBased, Eigen::internal::IndexBased, float, float>::Data::Data(Eigen::CwiseBinaryOp<Eigen::internal::scalar_product_op<float, float>, Eigen::Transpose<Eigen::Block<Eigen::Matrix<float, 3, 3, 1, 3, 3> const, 1, 3, true> const> const, Eigen::Block<Eigen::Matrix<float, 3, 3, 0, 3, 3> const, 3, 1, true> const> const&)
                0x0000a580                Eigen::internal::binary_evaluator<Eigen::CwiseBinaryOp<Eigen::internal::scalar_product_op<float, float>, Eigen::Transpose<Eigen::Block<Eigen::Matrix<float, 3, 3, 1, 3, 3> const, 1, 3, true> const> const, Eigen::Block<Eigen::Matrix<float, 3, 3, 0, 3, 3> const, 3, 1, true> const>, Eigen::internal::IndexBased, Eigen::internal::IndexBased, float, float>::Data::Data(Eigen::CwiseBinaryOp<Eigen::internal::scalar_product_op<float, float>, Eigen::Transpose<Eigen::Block<Eigen::Matrix<float, 3, 3, 1, 3, 3> const, 1, 3, true> const> const, Eigen::Block<Eigen::Matrix<float, 3, 3, 0, 3, 3> const, 3, 1, true> const> const&)
 .text._ZN5Eigen8internal31generic_dense_assignment_kernelINS0_9evaluatorINS_6MatrixIfLi3ELi3ELi0ELi3ELi3EEEEENS2_INS_7ProductINS6_INS3_IfLi3ELi1ELi0ELi3ELi1EEENS3_IfLi1ELi3ELi1ELi1ELi3EEELi0EEES4_Li1EEEEENS0_13sub_assign_opIffEELi0EE11assignCoeffEii
                0x0000a5a4       0xb0 ./Sources/KalmanFilter/kalman_filter_small.o
                0x0000a5a4                Eigen::internal::generic_dense_assignment_kernel<Eigen::internal::evaluator<Eigen::Matrix<float, 3, 3, 0, 3, 3> >, Eigen::internal::evaluator<Eigen::Product<Eigen::Product<Eigen::Matrix<float, 3, 1, 0, 3, 1>, Eigen::Matrix<float, 1, 3, 1, 1, 3>, 0>, Eigen::Matrix<float, 3, 3, 0, 3, 3>, 1> >, Eigen::internal::sub_assign_op<float, float>, 0>::assignCoeff(int, int)
 .text._ZN5Eigen8internal17mapbase_evaluatorINS_5BlockIKNS_6MatrixIfLi3ELi3ELi0ELi3ELi3EEELi1ELi3ELb0EEENS3_IfLi1ELi3ELi1ELi1ELi3EEEEC2ERKS6_
                0x0000a654       0x14 ./Sources/KalmanFilter/kalman_filter_small.o
                0x0000a654                Eigen::internal::mapbase_evaluator<Eigen::Block<Eigen::Matrix<float, 3, 3, 0, 3, 3> const, 1, 3, false>, Eigen::Matrix<float, 1, 3, 1, 1, 3> >::mapbase_evaluator(Eigen::Block<Eigen::Matrix<float, 3, 3, 0, 3, 3> const, 1, 3, false> const&)
                0x0000a654                Eigen::internal::mapbase_evaluator<Eigen::Block<Eigen::Matrix<float, 3, 3, 0, 3, 3> const, 1, 3, false>, Eigen::Matrix<float, 1, 3, 1, 1, 3> >::mapbase_evaluator(Eigen::Block<Eigen::Matrix<float, 3, 3, 0, 3, 3> const, 1, 3, false> const&)
 .text._ZN5Eigen8internal16binary_evaluatorINS_13CwiseBinaryOpINS0_17scalar_product_opIffEEKNS_9TransposeIKNS_5BlockIKNS_6MatrixIfLi3ELi3ELi0ELi3ELi3EEELi1ELi3ELb0EEEEEKNS6_IKNS7_IfLi3ELi1ELi0ELi3ELi1EEELi3ELi1ELb1EEEEENS0_10IndexBasedESJ_ffE4DataC2ERKSI_
                0x0000a668       0x1c ./Sources/KalmanFilter/kalman_filter_small.o
                0x0000a668                Eigen::internal::binary_evaluator<Eigen::CwiseBinaryOp<Eigen::internal::scalar_product_op<float, float>, Eigen::Transpose<Eigen::Block<Eigen::Matrix<float, 3, 3, 0, 3, 3> const, 1, 3, false> const> const, Eigen::Block<Eigen::Matrix<float, 3, 1, 0, 3, 1> const, 3, 1, true> const>, Eigen::internal::IndexBased, Eigen::internal::IndexBased, float, float>::Data::Data(Eigen::CwiseBinaryOp<Eigen::internal::scalar_product_op<float, float>, Eigen::Transpose<Eigen::Block<Eigen::Matrix<float, 3, 3, 0, 3, 3> const, 1, 3, false> const> const, Eigen::Block<Eigen::Matrix<float, 3, 1, 0, 3, 1> const, 3, 1, true> const> const&)
                0x0000a668                Eigen::internal::binary_evaluator<Eigen::CwiseBinaryOp<Eigen::internal::scalar_product_op<float, float>, Eigen::Transpose<Eigen::Block<Eigen::Matrix<float, 3, 3, 0, 3, 3> const, 1, 3, false> const> const, Eigen::Block<Eigen::Matrix<float, 3, 1, 0, 3, 1> const, 3, 1, true> const>, Eigen::internal::IndexBased, Eigen::internal::IndexBased, float, float>::Data::Data(Eigen::CwiseBinaryOp<Eigen::internal::scalar_product_op<float, float>, Eigen::Transpose<Eigen::Block<Eigen::Matrix<float, 3, 3, 0, 3, 3> const, 1, 3, false> const> const, Eigen::Block<Eigen::Matrix<float, 3, 1, 0, 3, 1> const, 3, 1, true> const> const&)
 .text._ZN5Eigen8internal31generic_dense_assignment_kernelINS0_9evaluatorINS_6MatrixIfLi3ELi1ELi0ELi3ELi1EEEEENS2_INS_7ProductINS3_IfLi3ELi3ELi0ELi3ELi3EEES4_Li1EEEEENS0_9assign_opIffEELi0EE11assignCoeffEi
                0x0000a684       0x78 ./Sources/KalmanFilter/kalman_filter_small.o
                0x0000a684                Eigen::internal::generic_dense_assignment_kernel<Eigen::internal::evaluator<Eigen::Matrix<float, 3, 1, 0, 3, 1> >, Eigen::internal::evaluator<Eigen::Product<Eigen::Matrix<float, 3, 3, 0, 3, 3>, Eigen::Matrix<float, 3, 1, 0, 3, 1>, 1> >, Eigen::internal::assign_op<float, float>, 0>::assignCoeff(int)
 .text._ZN5Eigen8internal16binary_evaluatorINS_13CwiseBinaryOpINS0_17scalar_product_opIffEEKNS_9TransposeIKNS_5BlockIKNS_6MatrixIfLi3ELi3ELi0ELi3ELi3EEELi1ELi3ELb0EEEEEKNS6_IKNS5_INS7_IfLi1ELi3ELi1ELi1ELi3EEEEELi3ELi1ELb1EEEEENS0_10IndexBasedESK_ffE4DataC2ERKSJ_
                0x0000a6fc       0x1c ./Sources/KalmanFilter/kalman_filter_small.o
                0x0000a6fc                Eigen::internal::binary_evaluator<Eigen::CwiseBinaryOp<Eigen::internal::scalar_product_op<float, float>, Eigen::Transpose<Eigen::Block<Eigen::Matrix<float, 3, 3, 0, 3, 3> const, 1, 3, false> const> const, Eigen::Block<Eigen::Transpose<Eigen::Matrix<float, 1, 3, 1, 1, 3> > const, 3, 1, true> const>, Eigen::internal::IndexBased, Eigen::internal::IndexBased, float, float>::Data::Data(Eigen::CwiseBinaryOp<Eigen::internal::scalar_product_op<float, float>, Eigen::Transpose<Eigen::Block<Eigen::Matrix<float, 3, 3, 0, 3, 3> const, 1, 3, false> const> const, Eigen::Block<Eigen::Transpose<Eigen::Matrix<float, 1, 3, 1, 1, 3> > const, 3, 1, true> const> const&)
                0x0000a6fc                Eigen::internal::binary_evaluator<Eigen::CwiseBinaryOp<Eigen::internal::scalar_product_op<float, float>, Eigen::Transpose<Eigen::Block<Eigen::Matrix<float, 3, 3, 0, 3, 3> const, 1, 3, false> const> const, Eigen::Block<Eigen::Transpose<Eigen::Matrix<float, 1, 3, 1, 1, 3> > const, 3, 1, true> const>, Eigen::internal::IndexBased, Eigen::internal::IndexBased, float, float>::Data::Data(Eigen::CwiseBinaryOp<Eigen::internal::scalar_product_op<float, float>, Eigen::Transpose<Eigen::Block<Eigen::Matrix<float, 3, 3, 0, 3, 3> const, 1, 3, false> const> const, Eigen::Block<Eigen::Transpose<Eigen::Matrix<float, 1, 3, 1, 1, 3> > const, 3, 1, true> const> const&)
 .text._ZN5Eigen8internal31generic_dense_assignment_kernelINS0_9evaluatorINS_6MatrixIfLi3ELi1ELi0ELi3ELi1EEEEENS2_INS_7ProductINS3_IfLi3ELi3ELi0ELi3ELi3EEENS_9TransposeINS3_IfLi1ELi3ELi1ELi1ELi3EEEEELi1EEEEENS0_9assign_opIffEELi0EE11assignCoeffEi
                0x0000a718       0x7c ./Sources/KalmanFilter/kalman_filter_small.o
                0x0000a718                Eigen::internal::generic_dense_assignment_kernel<Eigen::internal::evaluator<Eigen::Matrix<float, 3, 1, 0, 3, 1> >, Eigen::internal::evaluator<Eigen::Product<Eigen::Matrix<float, 3, 3, 0, 3, 3>, Eigen::Transpose<Eigen::Matrix<float, 1, 3, 1, 1, 3> >, 1> >, Eigen::internal::assign_op<float, float>, 0>::assignCoeff(int)
 .text._ZN5Eigen15PlainObjectBaseINS_6MatrixIfLi3ELi1ELi0ELi3ELi1EEEE12_set_noaliasINS_13CwiseBinaryOpINS_8internal18scalar_quotient_opIffEEKNS_7ProductINS1_IfLi3ELi3ELi0ELi3ELi3EEENS_9TransposeINS1_IfLi1ELi3ELi1ELi1ELi3EEEEELi0EEEKNS_14CwiseNullaryOpINS6_18scalar_constant_opIfEEKS2_EEEEEERS2_RKNS_9DenseBaseIT_EE
                0x0000a794       0x76 ./Sources/KalmanFilter/kalman_filter_small.o
                0x0000a794                Eigen::Matrix<float, 3, 1, 0, 3, 1>& Eigen::PlainObjectBase<Eigen::Matrix<float, 3, 1, 0, 3, 1> >::_set_noalias<Eigen::CwiseBinaryOp<Eigen::internal::scalar_quotient_op<float, float>, Eigen::Product<Eigen::Matrix<float, 3, 3, 0, 3, 3>, Eigen::Transpose<Eigen::Matrix<float, 1, 3, 1, 1, 3> >, 0> const, Eigen::CwiseNullaryOp<Eigen::internal::scalar_constant_op<float>, Eigen::Matrix<float, 3, 1, 0, 3, 1> const> const> >(Eigen::DenseBase<Eigen::CwiseBinaryOp<Eigen::internal::scalar_quotient_op<float, float>, Eigen::Product<Eigen::Matrix<float, 3, 3, 0, 3, 3>, Eigen::Transpose<Eigen::Matrix<float, 1, 3, 1, 1, 3> >, 0> const, Eigen::CwiseNullaryOp<Eigen::internal::scalar_constant_op<float>, Eigen::Matrix<float, 3, 1, 0, 3, 1> const> const> > const&)
 .text._ZN5Eigen8internal16binary_evaluatorINS_13CwiseBinaryOpINS0_17scalar_product_opIffEEKNS_9TransposeIKNS_5BlockIKNS_6MatrixIfLi3ELi3ELi0ELi3ELi3EEELi1ELi3ELb0EEEEEKNS6_IKNS5_IS8_EELi3ELi1ELb0EEEEENS0_10IndexBasedESJ_ffE4DataC2ERKSI_
                0x0000a80a       0x1c ./Sources/KalmanFilter/kalman_filter_small.o
                0x0000a80a                Eigen::internal::binary_evaluator<Eigen::CwiseBinaryOp<Eigen::internal::scalar_product_op<float, float>, Eigen::Transpose<Eigen::Block<Eigen::Matrix<float, 3, 3, 0, 3, 3> const, 1, 3, false> const> const, Eigen::Block<Eigen::Transpose<Eigen::Matrix<float, 3, 3, 0, 3, 3> > const, 3, 1, false> const>, Eigen::internal::IndexBased, Eigen::internal::IndexBased, float, float>::Data::Data(Eigen::CwiseBinaryOp<Eigen::internal::scalar_product_op<float, float>, Eigen::Transpose<Eigen::Block<Eigen::Matrix<float, 3, 3, 0, 3, 3> const, 1, 3, false> const> const, Eigen::Block<Eigen::Transpose<Eigen::Matrix<float, 3, 3, 0, 3, 3> > const, 3, 1, false> const> const&)
                0x0000a80a                Eigen::internal::binary_evaluator<Eigen::CwiseBinaryOp<Eigen::internal::scalar_product_op<float, float>, Eigen::Transpose<Eigen::Block<Eigen::Matrix<float, 3, 3, 0, 3, 3> const, 1, 3, false> const> const, Eigen::Block<Eigen::Transpose<Eigen::Matrix<float, 3, 3, 0, 3, 3> > const, 3, 1, false> const>, Eigen::internal::IndexBased, Eigen::internal::IndexBased, float, float>::Data::Data(Eigen::CwiseBinaryOp<Eigen::internal::scalar_product_op<float, float>, Eigen::Transpose<Eigen::Block<Eigen::Matrix<float, 3, 3, 0, 3, 3> const, 1, 3, false> const> const, Eigen::Block<Eigen::Transpose<Eigen::Matrix<float, 3, 3, 0, 3, 3> > const, 3, 1, false> const> const&)
 *fill*         0x0000a826        0x2 
 .text._ZN5Eigen8internal31generic_dense_assignment_kernelINS0_9evaluatorINS_6MatrixIfLi3ELi3ELi1ELi3ELi3EEEEENS2_INS_7ProductINS6_INS3_IfLi3ELi3ELi0ELi3ELi3EEES7_Li0EEENS_9TransposeIS7_EELi1EEEEENS0_9assign_opIffEELi0EE11assignCoeffEii
                0x0000a828       0xa8 ./Sources/KalmanFilter/kalman_filter_small.o
                0x0000a828                Eigen::internal::generic_dense_assignment_kernel<Eigen::internal::evaluator<Eigen::Matrix<float, 3, 3, 1, 3, 3> >, Eigen::internal::evaluator<Eigen::Product<Eigen::Product<Eigen::Matrix<float, 3, 3, 0, 3, 3>, Eigen::Matrix<float, 3, 3, 0, 3, 3>, 0>, Eigen::Transpose<Eigen::Matrix<float, 3, 3, 0, 3, 3> >, 1> >, Eigen::internal::assign_op<float, float>, 0>::assignCoeff(int, int)
 .text._ZN5Eigen8internal16binary_evaluatorINS_13CwiseBinaryOpINS0_17scalar_product_opIffEEKNS_9TransposeIKNS_5BlockIKNS_6MatrixIfLi1ELi3ELi1ELi1ELi3EEELi1ELi3ELb1EEEEEKNS6_IKNS7_IfLi3ELi3ELi0ELi3ELi3EEELi3ELi1ELb1EEEEENS0_10IndexBasedESJ_ffE4DataC2ERKSI_
                0x0000a8d0       0x24 ./Sources/KalmanFilter/kalman_filter_small.o
                0x0000a8d0                Eigen::internal::binary_evaluator<Eigen::CwiseBinaryOp<Eigen::internal::scalar_product_op<float, float>, Eigen::Transpose<Eigen::Block<Eigen::Matrix<float, 1, 3, 1, 1, 3> const, 1, 3, true> const> const, Eigen::Block<Eigen::Matrix<float, 3, 3, 0, 3, 3> const, 3, 1, true> const>, Eigen::internal::IndexBased, Eigen::internal::IndexBased, float, float>::Data::Data(Eigen::CwiseBinaryOp<Eigen::internal::scalar_product_op<float, float>, Eigen::Transpose<Eigen::Block<Eigen::Matrix<float, 1, 3, 1, 1, 3> const, 1, 3, true> const> const, Eigen::Block<Eigen::Matrix<float, 3, 3, 0, 3, 3> const, 3, 1, true> const> const&)
                0x0000a8d0                Eigen::internal::binary_evaluator<Eigen::CwiseBinaryOp<Eigen::internal::scalar_product_op<float, float>, Eigen::Transpose<Eigen::Block<Eigen::Matrix<float, 1, 3, 1, 1, 3> const, 1, 3, true> const> const, Eigen::Block<Eigen::Matrix<float, 3, 3, 0, 3, 3> const, 3, 1, true> const>, Eigen::internal::IndexBased, Eigen::internal::IndexBased, float, float>::Data::Data(Eigen::CwiseBinaryOp<Eigen::internal::scalar_product_op<float, float>, Eigen::Transpose<Eigen::Block<Eigen::Matrix<float, 1, 3, 1, 1, 3> const, 1, 3, true> const> const, Eigen::Block<Eigen::Matrix<float, 3, 3, 0, 3, 3> const, 3, 1, true> const> const&)
 .text._ZN5Eigen8internal31generic_dense_assignment_kernelINS0_9evaluatorINS_6MatrixIfLi1ELi3ELi1ELi1ELi3EEEEENS2_INS_7ProductIS4_NS3_IfLi3ELi3ELi0ELi3ELi3EEELi1EEEEENS0_9assign_opIffEELi0EE11assignCoeffEi
                0x0000a8f4       0x7c ./Sources/KalmanFilter/kalman_filter_small.o
                0x0000a8f4                Eigen::internal::generic_dense_assignment_kernel<Eigen::internal::evaluator<Eigen::Matrix<float, 1, 3, 1, 1, 3> >, Eigen::internal::evaluator<Eigen::Product<Eigen::Matrix<float, 1, 3, 1, 1, 3>, Eigen::Matrix<float, 3, 3, 0, 3, 3>, 1> >, Eigen::internal::assign_op<float, float>, 0>::assignCoeff(int)
 .text._ZN5Eigen8internal31generic_dense_assignment_kernelINS0_9evaluatorINS_6MatrixIfLi3ELi3ELi0ELi3ELi3EEEEENS2_INS_7ProductIS4_S4_Li1EEEEENS0_9assign_opIffEELi0EE11assignCoeffEii
                0x0000a970       0x9e ./Sources/KalmanFilter/kalman_filter_small.o
                0x0000a970                Eigen::internal::generic_dense_assignment_kernel<Eigen::internal::evaluator<Eigen::Matrix<float, 3, 3, 0, 3, 3> >, Eigen::internal::evaluator<Eigen::Product<Eigen::Matrix<float, 3, 3, 0, 3, 3>, Eigen::Matrix<float, 3, 3, 0, 3, 3>, 1> >, Eigen::internal::assign_op<float, float>, 0>::assignCoeff(int, int)
 .text._ZN5Eigen8internal17product_evaluatorINS_7ProductINS2_INS_6MatrixIfLi3ELi3ELi0ELi3ELi3EEES4_Li0EEENS_9TransposeIS4_EELi0EEELi3ENS_10DenseShapeES9_ffEC2ERKS8_
                0x0000aa0e       0xa0 ./Sources/KalmanFilter/kalman_filter_small.o
                0x0000aa0e                Eigen::internal::product_evaluator<Eigen::Product<Eigen::Product<Eigen::Matrix<float, 3, 3, 0, 3, 3>, Eigen::Matrix<float, 3, 3, 0, 3, 3>, 0>, Eigen::Transpose<Eigen::Matrix<float, 3, 3, 0, 3, 3> >, 0>, 3, Eigen::DenseShape, Eigen::DenseShape, float, float>::product_evaluator(Eigen::Product<Eigen::Product<Eigen::Matrix<float, 3, 3, 0, 3, 3>, Eigen::Matrix<float, 3, 3, 0, 3, 3>, 0>, Eigen::Transpose<Eigen::Matrix<float, 3, 3, 0, 3, 3> >, 0> const&)
                0x0000aa0e                Eigen::internal::product_evaluator<Eigen::Product<Eigen::Product<Eigen::Matrix<float, 3, 3, 0, 3, 3>, Eigen::Matrix<float, 3, 3, 0, 3, 3>, 0>, Eigen::Transpose<Eigen::Matrix<float, 3, 3, 0, 3, 3> >, 0>, 3, Eigen::DenseShape, Eigen::DenseShape, float, float>::product_evaluator(Eigen::Product<Eigen::Product<Eigen::Matrix<float, 3, 3, 0, 3, 3>, Eigen::Matrix<float, 3, 3, 0, 3, 3>, 0>, Eigen::Transpose<Eigen::Matrix<float, 3, 3, 0, 3, 3> >, 0> const&)
 .text._ZN12KalmanFilter7predictERN5Eigen6MatrixIfLi3ELi3ELi0ELi3ELi3EEES3_
                0x0000aaae       0x9c ./Sources/KalmanFilter/kalman_filter_small.o
                0x0000aaae                KalmanFilter::predict(Eigen::Matrix<float, 3, 3, 0, 3, 3>&, Eigen::Matrix<float, 3, 3, 0, 3, 3>&)
 .text._ZN5Eigen8internal16binary_evaluatorINS_13CwiseBinaryOpINS0_17scalar_product_opIffEEKNS_9TransposeIKNS_5BlockIKNS_6MatrixIfLi3ELi1ELi0ELi3ELi1EEELi1ELi1ELb0EEEEEKNS6_IKNS7_IfLi1ELi3ELi1ELi1ELi3EEELi1ELi1ELb0EEEEENS0_10IndexBasedESJ_ffE4DataC2ERKSI_
                0x0000ab4a       0x24 ./Sources/KalmanFilter/kalman_filter_small.o
                0x0000ab4a                Eigen::internal::binary_evaluator<Eigen::CwiseBinaryOp<Eigen::internal::scalar_product_op<float, float>, Eigen::Transpose<Eigen::Block<Eigen::Matrix<float, 3, 1, 0, 3, 1> const, 1, 1, false> const> const, Eigen::Block<Eigen::Matrix<float, 1, 3, 1, 1, 3> const, 1, 1, false> const>, Eigen::internal::IndexBased, Eigen::internal::IndexBased, float, float>::Data::Data(Eigen::CwiseBinaryOp<Eigen::internal::scalar_product_op<float, float>, Eigen::Transpose<Eigen::Block<Eigen::Matrix<float, 3, 1, 0, 3, 1> const, 1, 1, false> const> const, Eigen::Block<Eigen::Matrix<float, 1, 3, 1, 1, 3> const, 1, 1, false> const> const&)
                0x0000ab4a                Eigen::internal::binary_evaluator<Eigen::CwiseBinaryOp<Eigen::internal::scalar_product_op<float, float>, Eigen::Transpose<Eigen::Block<Eigen::Matrix<float, 3, 1, 0, 3, 1> const, 1, 1, false> const> const, Eigen::Block<Eigen::Matrix<float, 1, 3, 1, 1, 3> const, 1, 1, false> const>, Eigen::internal::IndexBased, Eigen::internal::IndexBased, float, float>::Data::Data(Eigen::CwiseBinaryOp<Eigen::internal::scalar_product_op<float, float>, Eigen::Transpose<Eigen::Block<Eigen::Matrix<float, 3, 1, 0, 3, 1> const, 1, 1, false> const> const, Eigen::Block<Eigen::Matrix<float, 1, 3, 1, 1, 3> const, 1, 1, false> const> const&)
 *fill*         0x0000ab6e        0x2 
 .text._ZNK5Eigen8internal17product_evaluatorINS_7ProductINS_6MatrixIfLi3ELi1ELi0ELi3ELi1EEENS3_IfLi1ELi3ELi1ELi1ELi3EEELi1EEELi4ENS_10DenseShapeES7_ffE5coeffEii
                0x0000ab70       0x68 ./Sources/KalmanFilter/kalman_filter_small.o
                0x0000ab70                Eigen::internal::product_evaluator<Eigen::Product<Eigen::Matrix<float, 3, 1, 0, 3, 1>, Eigen::Matrix<float, 1, 3, 1, 1, 3>, 1>, 4, Eigen::DenseShape, Eigen::DenseShape, float, float>::coeff(int, int) const
 .text._ZN5Eigen8internal31generic_dense_assignment_kernelINS0_9evaluatorINS_6MatrixIfLi3ELi3ELi1ELi3ELi3EEEEENS2_INS_7ProductINS3_IfLi3ELi1ELi0ELi3ELi1EEENS3_IfLi1ELi3ELi1ELi1ELi3EEELi1EEEEENS0_9assign_opIffEELi0EE11assignCoeffEii
                0x0000abd8       0x1a ./Sources/KalmanFilter/kalman_filter_small.o
                0x0000abd8                Eigen::internal::generic_dense_assignment_kernel<Eigen::internal::evaluator<Eigen::Matrix<float, 3, 3, 1, 3, 3> >, Eigen::internal::evaluator<Eigen::Product<Eigen::Matrix<float, 3, 1, 0, 3, 1>, Eigen::Matrix<float, 1, 3, 1, 1, 3>, 1> >, Eigen::internal::assign_op<float, float>, 0>::assignCoeff(int, int)
 .text._ZN12KalmanFilter6updateEfRN5Eigen6MatrixIfLi1ELi3ELi1ELi1ELi3EEEf
                0x0000abf2      0x1ea ./Sources/KalmanFilter/kalman_filter_small.o
                0x0000abf2                KalmanFilter::update(float, Eigen::Matrix<float, 1, 3, 1, 1, 3>&, float)
 .text.getzState
                0x0000addc       0x20 ./Sources/KalmanFilter/predictor.o
                0x0000addc                getzState
 .text.update_accel
                0x0000adfc       0x20 ./Sources/KalmanFilter/predictor.o
                0x0000adfc                update_accel
 .text.update_pos
                0x0000ae1c       0x44 ./Sources/KalmanFilter/predictor.o
                0x0000ae1c                update_pos
 .text._ZN5Eigen16CommaInitializerINS_6MatrixIfLi3ELi3ELi0ELi3ELi3EEEEcmERKf
                0x0000ae60       0x74 ./Sources/KalmanFilter/predictor.o
                0x0000ae60                Eigen::CommaInitializer<Eigen::Matrix<float, 3, 3, 0, 3, 3> >::operator,(float const&)
 .text._ZN5Eigen16CommaInitializerINS_6MatrixIfLi1ELi3ELi1ELi1ELi3EEEEcmERKf
                0x0000aed4       0x74 ./Sources/KalmanFilter/predictor.o
                0x0000aed4                Eigen::CommaInitializer<Eigen::Matrix<float, 1, 3, 1, 1, 3> >::operator,(float const&)
 .text._ZN5Eigen16CommaInitializerINS_6MatrixIfLi3ELi3ELi0ELi3ELi3EEEE8finishedEv
                0x0000af48       0x30 ./Sources/KalmanFilter/predictor.o
                0x0000af48                Eigen::CommaInitializer<Eigen::Matrix<float, 3, 3, 0, 3, 3> >::finished()
 .text._ZN5Eigen16CommaInitializerINS_6MatrixIfLi1ELi3ELi1ELi1ELi3EEEE8finishedEv
                0x0000af78       0x30 ./Sources/KalmanFilter/predictor.o
                0x0000af78                Eigen::CommaInitializer<Eigen::Matrix<float, 1, 3, 1, 1, 3> >::finished()
 .text._ZN5Eigen8internal31generic_dense_assignment_kernelINS0_9evaluatorINS_6MatrixIfLi3ELi3ELi0ELi3ELi3EEEEENS2_INS_13CwiseBinaryOpINS0_17scalar_product_opIffEEKS4_KNS_14CwiseNullaryOpINS0_18scalar_constant_opIfEES9_EEEEEENS0_9assign_opIffEELi0EE11assignCoeffEi
                0x0000afa8       0x16 ./Sources/KalmanFilter/predictor.o
                0x0000afa8                Eigen::internal::generic_dense_assignment_kernel<Eigen::internal::evaluator<Eigen::Matrix<float, 3, 3, 0, 3, 3> >, Eigen::internal::evaluator<Eigen::CwiseBinaryOp<Eigen::internal::scalar_product_op<float, float>, Eigen::Matrix<float, 3, 3, 0, 3, 3> const, Eigen::CwiseNullaryOp<Eigen::internal::scalar_constant_op<float>, Eigen::Matrix<float, 3, 3, 0, 3, 3> const> const> >, Eigen::internal::assign_op<float, float>, 0>::assignCoeff(int)
 .text._ZN5Eigen8internal31generic_dense_assignment_kernelINS0_9evaluatorINS_6MatrixIfLi3ELi1ELi0ELi3ELi1EEEEES5_NS0_14swap_assign_opIfEELi1EE11assignCoeffEi
                0x0000afbe       0x18 ./Sources/KalmanFilter/predictor.o
                0x0000afbe                Eigen::internal::generic_dense_assignment_kernel<Eigen::internal::evaluator<Eigen::Matrix<float, 3, 1, 0, 3, 1> >, Eigen::internal::evaluator<Eigen::Matrix<float, 3, 1, 0, 3, 1> >, Eigen::internal::swap_assign_op<float>, 1>::assignCoeff(int)
 .text._ZN5Eigen8internal26call_dense_assignment_loopINS_6MatrixIfLi3ELi1ELi0ELi3ELi1EEES3_NS0_14swap_assign_opIfEEEEvRT_RKT0_RKT1_
                0x0000afd6       0x2e ./Sources/KalmanFilter/predictor.o
                0x0000afd6                void Eigen::internal::call_dense_assignment_loop<Eigen::Matrix<float, 3, 1, 0, 3, 1>, Eigen::Matrix<float, 3, 1, 0, 3, 1>, Eigen::internal::swap_assign_op<float> >(Eigen::Matrix<float, 3, 1, 0, 3, 1>&, Eigen::Matrix<float, 3, 1, 0, 3, 1> const&, Eigen::internal::swap_assign_op<float> const&)
 .text.getPosState
                0x0000b004       0x58 ./Sources/KalmanFilter/predictor.o
                0x0000b004                getPosState
 .text._ZN5Eigen8internal31generic_dense_assignment_kernelINS0_9evaluatorINS_6MatrixIfLi3ELi3ELi0ELi3ELi3EEEEES5_NS0_14swap_assign_opIfEELi1EE11assignCoeffEi
                0x0000b05c       0x18 ./Sources/KalmanFilter/predictor.o
                0x0000b05c                Eigen::internal::generic_dense_assignment_kernel<Eigen::internal::evaluator<Eigen::Matrix<float, 3, 3, 0, 3, 3> >, Eigen::internal::evaluator<Eigen::Matrix<float, 3, 3, 0, 3, 3> >, Eigen::internal::swap_assign_op<float>, 1>::assignCoeff(int)
 .text._ZN5Eigen8internal26call_dense_assignment_loopINS_6MatrixIfLi3ELi3ELi0ELi3ELi3EEES3_NS0_14swap_assign_opIfEEEEvRT_RKT0_RKT1_
                0x0000b074       0x5e ./Sources/KalmanFilter/predictor.o
                0x0000b074                void Eigen::internal::call_dense_assignment_loop<Eigen::Matrix<float, 3, 3, 0, 3, 3>, Eigen::Matrix<float, 3, 3, 0, 3, 3>, Eigen::internal::swap_assign_op<float> >(Eigen::Matrix<float, 3, 3, 0, 3, 3>&, Eigen::Matrix<float, 3, 3, 0, 3, 3> const&, Eigen::internal::swap_assign_op<float> const&)
 .text._ZN12KalmanFilteraSEOS_
                0x0000b0d2       0x22 ./Sources/KalmanFilter/predictor.o
                0x0000b0d2                KalmanFilter::operator=(KalmanFilter&&)
 .text.init_filters
                0x0000b0f4       0xe0 ./Sources/KalmanFilter/predictor.o
                0x0000b0f4                init_filters
 .text.predict  0x0000b1d4      0x1d0 ./Sources/KalmanFilter/predictor.o
                0x0000b1d4                predict
 .text.startup._GLOBAL__sub_I_getzState
                0x0000b3a4       0x24 ./Sources/KalmanFilter/predictor.o
 .text._ZN12Adafruit_GFX9writeLineEsssst
                0x0000b3c8       0xd4 ./Sources/Display/Adafruit_GFX.o
                0x0000b3c8                Adafruit_GFX::writeLine(short, short, short, short, unsigned short)
 .text._ZN12Adafruit_GFX10startWriteEv
                0x0000b49c        0x2 ./Sources/Display/Adafruit_GFX.o
                0x0000b49c                Adafruit_GFX::startWrite()
 .text._ZN12Adafruit_GFX10writePixelEsst
                0x0000b49e        0xa ./Sources/Display/Adafruit_GFX.o
                0x0000b49e                Adafruit_GFX::writePixel(short, short, unsigned short)
 .text._ZN12Adafruit_GFX14writeFastVLineEssst
                0x0000b4a8       0x10 ./Sources/Display/Adafruit_GFX.o
                0x0000b4a8                Adafruit_GFX::writeFastVLine(short, short, short, unsigned short)
 .text._ZN12Adafruit_GFX14writeFastHLineEssst
                0x0000b4b8       0x10 ./Sources/Display/Adafruit_GFX.o
                0x0000b4b8                Adafruit_GFX::writeFastHLine(short, short, short, unsigned short)
 .text._ZN12Adafruit_GFX13writeFillRectEsssst
                0x0000b4c8       0x18 ./Sources/Display/Adafruit_GFX.o
                0x0000b4c8                Adafruit_GFX::writeFillRect(short, short, short, short, unsigned short)
 .text._ZN12Adafruit_GFX8endWriteEv
                0x0000b4e0        0x2 ./Sources/Display/Adafruit_GFX.o
                0x0000b4e0                Adafruit_GFX::endWrite()
 .text._ZN12Adafruit_GFX13drawFastVLineEssst
                0x0000b4e2       0x3e ./Sources/Display/Adafruit_GFX.o
                0x0000b4e2                Adafruit_GFX::drawFastVLine(short, short, short, unsigned short)
 .text._ZN12Adafruit_GFX13drawFastHLineEssst
                0x0000b520       0x3c ./Sources/Display/Adafruit_GFX.o
                0x0000b520                Adafruit_GFX::drawFastHLine(short, short, short, unsigned short)
 .text._ZN12Adafruit_GFX8fillRectEsssst
                0x0000b55c       0x4e ./Sources/Display/Adafruit_GFX.o
                0x0000b55c                Adafruit_GFX::fillRect(short, short, short, short, unsigned short)
 .text._ZN12Adafruit_GFX10fillScreenEt
                0x0000b5aa       0x1a ./Sources/Display/Adafruit_GFX.o
                0x0000b5aa                Adafruit_GFX::fillScreen(unsigned short)
 .text._ZN12Adafruit_GFX8drawLineEsssst
                0x0000b5c4       0x84 ./Sources/Display/Adafruit_GFX.o
                0x0000b5c4                Adafruit_GFX::drawLine(short, short, short, short, unsigned short)
 .text._ZN12Adafruit_GFX8drawRectEsssst
                0x0000b648       0x84 ./Sources/Display/Adafruit_GFX.o
                0x0000b648                Adafruit_GFX::drawRect(short, short, short, short, unsigned short)
 .text._ZN12Adafruit_GFX13invertDisplayEb
                0x0000b6cc        0x2 ./Sources/Display/Adafruit_GFX.o
                0x0000b6cc                Adafruit_GFX::invertDisplay(bool)
 .text._ZN12Adafruit_GFX11setRotationEh
                0x0000b6ce       0x1e ./Sources/Display/Adafruit_GFX.o
                0x0000b6ce                Adafruit_GFX::setRotation(unsigned char)
 .text._ZN12Adafruit_GFXC2Ess
                0x0000b6ec       0x2c ./Sources/Display/Adafruit_GFX.o
                0x0000b6ec                Adafruit_GFX::Adafruit_GFX(short, short)
                0x0000b6ec                Adafruit_GFX::Adafruit_GFX(short, short)
 .text._ZN12Adafruit_GFX8drawCharEsshtth
                0x0000b718      0x2a4 ./Sources/Display/Adafruit_GFX.o
                0x0000b718                Adafruit_GFX::drawChar(short, short, unsigned char, unsigned short, unsigned short, unsigned char)
 .text._ZN12Adafruit_GFX5writeEh
                0x0000b9bc       0xf4 ./Sources/Display/Adafruit_GFX.o
                0x0000b9bc                Adafruit_GFX::write(unsigned char)
 .text._ZN12Adafruit_GFX9setCursorEss
                0x0000bab0        0x6 ./Sources/Display/Adafruit_GFX.o
                0x0000bab0                Adafruit_GFX::setCursor(short, short)
 .text._ZNK12Adafruit_GFX10getCursorXEv
                0x0000bab6        0x6 ./Sources/Display/Adafruit_GFX.o
                0x0000bab6                Adafruit_GFX::getCursorX() const
 .text._ZNK12Adafruit_GFX10getCursorYEv
                0x0000babc        0x6 ./Sources/Display/Adafruit_GFX.o
                0x0000babc                Adafruit_GFX::getCursorY() const
 .text._ZN12Adafruit_GFX11setTextSizeEh
                0x0000bac2        0xa ./Sources/Display/Adafruit_GFX.o
                0x0000bac2                Adafruit_GFX::setTextSize(unsigned char)
 .text._ZN12Adafruit_GFX12setTextColorEtt
                0x0000bacc        0x6 ./Sources/Display/Adafruit_GFX.o
                0x0000bacc                Adafruit_GFX::setTextColor(unsigned short, unsigned short)
 .text._ZN12Adafruit_GFX11setTextWrapEb
                0x0000bad2        0x4 ./Sources/Display/Adafruit_GFX.o
                0x0000bad2                Adafruit_GFX::setTextWrap(bool)
 .text._ZNK12Adafruit_GFX11getRotationEv
                0x0000bad6        0x4 ./Sources/Display/Adafruit_GFX.o
                0x0000bad6                Adafruit_GFX::getRotation() const
 .text._ZNK12Adafruit_GFX5widthEv
                0x0000bada        0x6 ./Sources/Display/Adafruit_GFX.o
                0x0000bada                Adafruit_GFX::width() const
 .text._ZNK12Adafruit_GFX6heightEv
                0x0000bae0        0x6 ./Sources/Display/Adafruit_GFX.o
                0x0000bae0                Adafruit_GFX::height() const
 .text._ZN16Adafruit_SSD13318drawLineEsssst
                0x0000bae6      0x10e ./Sources/Display/Adafruit_SSD1331.o
                0x0000bae6                Adafruit_SSD1331::drawLine(short, short, short, short, unsigned short)
 .text._ZN16Adafruit_SSD13314goToEii
                0x0000bbf4       0x5e ./Sources/Display/Adafruit_SSD1331.o
                0x0000bbf4                Adafruit_SSD1331::goTo(int, int)
 .text._ZN16Adafruit_SSD13319drawPixelEsst
                0x0000bc52       0xa4 ./Sources/Display/Adafruit_SSD1331.o
                0x0000bc52                Adafruit_SSD1331::drawPixel(short, short, unsigned short)
 .text._ZN16Adafruit_SSD13315beginEv
                0x0000bcf6       0xe2 ./Sources/Display/Adafruit_SSD1331.o
                0x0000bcf6                Adafruit_SSD1331::begin()
 .text._ZN16Adafruit_SSD1331C1Ev
                0x0000bdd8       0x24 ./Sources/Display/Adafruit_SSD1331.o
                0x0000bdd8                Adafruit_SSD1331::Adafruit_SSD1331()
 .text._ZTv0_n68_N16Adafruit_SSD13318drawLineEsssst
                0x0000bdfc       0x1e ./Sources/Display/Adafruit_SSD1331.o
                0x0000bdfc                virtual thunk to Adafruit_SSD1331::drawLine(short, short, short, short, unsigned short)
 .text._ZTv0_n12_N16Adafruit_SSD13319drawPixelEsst
                0x0000be1a       0x10 ./Sources/Display/Adafruit_SSD1331.o
                0x0000be1a                virtual thunk to Adafruit_SSD1331::drawPixel(short, short, unsigned short)
 *fill*         0x0000be2a        0x2 
 .text._ZL12reset_cursorv
                0x0000be2c       0x14 ./Sources/Display/display.o
 .text.startup._GLOBAL__sub_I_oled_display
                0x0000be40       0x10 ./Sources/Display/display.o
 .text.display_empty_screen
                0x0000be50       0x18 ./Sources/Display/display.o
                0x0000be50                display_empty_screen
 .text.init_display
                0x0000be68       0x8c ./Sources/Display/display.o
                0x0000be68                init_display
 .text.display_write_text
                0x0000bef4       0x2c ./Sources/Display/display.o
                0x0000bef4                display_write_text
 .text.display_write_state
                0x0000bf20       0x68 ./Sources/Display/display.o
                0x0000bf20                display_write_state
 .text.display_write_local_coord
                0x0000bf88       0x90 ./Sources/Display/display.o
                0x0000bf88                display_write_local_coord
 .text.display_write_data
                0x0000c018       0xdc ./Sources/Display/display.o
                0x0000c018                display_write_data
 .text.oled_spiWrite
                0x0000c0f4       0x30 ./Sources/Display/oled_spi.o
 .text.oled_spi_init
                0x0000c124       0x84 ./Sources/Display/oled_spi.o
                0x0000c124                oled_spi_init
 .text.oled_writeData
                0x0000c1a8       0x28 ./Sources/Display/oled_spi.o
                0x0000c1a8                oled_writeData
 .text.oled_delay
                0x0000c1d0        0x8 ./Sources/Display/oled_spi.o
                0x0000c1d0                oled_delay
 .text.oled_writeCommand
                0x0000c1d8       0x28 ./Sources/Display/oled_spi.o
                0x0000c1d8                oled_writeCommand
 .text.float_to_str
                0x0000c200       0x64 ./Sources/Common/utils.o
                0x0000c200                float_to_str
 .text.BOARD_InitOsc0
                0x0000c264       0x2c ./Sources/Board/board.o
                0x0000c264                BOARD_InitOsc0
 .text.BOARD_ClockInit
                0x0000c290       0x50 ./Sources/Board/board.o
                0x0000c290                BOARD_ClockInit
 .text.dbg_uart_init
                0x0000c2e0       0x24 ./Sources/Board/board.o
                0x0000c2e0                dbg_uart_init
 .text.hardware_init
                0x0000c304       0xac ./Sources/Board/hardware_init.o
                0x0000c304                hardware_init
 .text.configure_lpsci_pins
                0x0000c3b0       0x1c ./Sources/Board/pin_mux.o
                0x0000c3b0                configure_lpsci_pins
 .text.accel_read_reg
                0x0000c3cc       0x36 ./Sources/Accelerometer/accel.o
                0x0000c3cc                accel_read_reg
 .text.accel_write_reg
                0x0000c402       0x34 ./Sources/Accelerometer/accel.o
                0x0000c402                accel_write_reg
 *fill*         0x0000c436        0x2 
 .text.accel_init
                0x0000c438       0x88 ./Sources/Accelerometer/accel.o
                0x0000c438                accel_init
 .text.get_accel_data
                0x0000c4c0       0x88 ./Sources/Accelerometer/accelerometer.o
                0x0000c4c0                get_accel_data
 .text.accel_set_zero
                0x0000c548       0x94 ./Sources/Accelerometer/accelerometer.o
                0x0000c548                accel_set_zero
 .text.init_accel
                0x0000c5dc       0x58 ./Sources/Accelerometer/accelerometer.o
                0x0000c5dc                init_accel
 .text.get_z_accel
                0x0000c634       0x5c ./Sources/Accelerometer/accelerometer.o
                0x0000c634                get_z_accel
 .text.fxos_init
                0x0000c690       0xb4 ./Sources/Accelerometer/fxos_api.o
                0x0000c690                fxos_init
 .text.fxos_read_register_array_fast
                0x0000c744       0x2e ./Sources/Accelerometer/fxos_api.o
                0x0000c744                fxos_read_register_array_fast
 .text.fxos_read_sensor_data
                0x0000c772        0xe ./Sources/Accelerometer/fxos_api.o
                0x0000c772                fxos_read_sensor_data
 .text.mma8451_init
                0x0000c780       0x62 ./Sources/Accelerometer/mma8451_api.o
                0x0000c780                mma8451_init
 .text.mma8451_read_sensor_data
                0x0000c7e2       0x58 ./Sources/Accelerometer/mma8451_api.o
                0x0000c7e2                mma8451_read_sensor_data
 *fill*         0x0000c83a        0x2 
 .text.init_system
                0x0000c83c       0x1c ./Sources/main.o
                0x0000c83c                init_system
 .text.get_time_diff
                0x0000c858       0x18 ./Sources/main.o
                0x0000c858                get_time_diff
 .text.get_elapsed_time
                0x0000c870       0x14 ./Sources/main.o
                0x0000c870                get_elapsed_time
 *fill*         0x0000c884        0x4 
 .text.startup.main
                0x0000c888      0x208 ./Sources/main.o
                0x0000c888                main
 .text.init_data_bss
                0x0000ca90       0x7c ./Project_Settings/Startup_Code/startup.o
                0x0000ca90                init_data_bss
 .text.SystemInit
                0x0000cb0c       0x10 ./Project_Settings/Startup_Code/system_MKL25Z4.o
                0x0000cb0c                SystemInit
 .text.UART_HAL_Init
                0x0000cb1c       0x38 /home/eivind/Documents/Cambridge/Classes/EmbeddedSystems/KSDK_1.3.0/lib/ksdk_hal_lib/kds/KL25Z4/debug/libksdk_hal.a(fsl_uart_hal.o)
                0x0000cb1c                UART_HAL_Init
 .text.UART_HAL_SetBaudRate
                0x0000cb54       0x6c /home/eivind/Documents/Cambridge/Classes/EmbeddedSystems/KSDK_1.3.0/lib/ksdk_hal_lib/kds/KL25Z4/debug/libksdk_hal.a(fsl_uart_hal.o)
                0x0000cb54                UART_HAL_SetBaudRate
 .text.UART_HAL_SetParityMode
                0x0000cbc0       0x40 /home/eivind/Documents/Cambridge/Classes/EmbeddedSystems/KSDK_1.3.0/lib/ksdk_hal_lib/kds/KL25Z4/debug/libksdk_hal.a(fsl_uart_hal.o)
                0x0000cbc0                UART_HAL_SetParityMode
 .text.UART_HAL_Putchar
                0x0000cc00       0x34 /home/eivind/Documents/Cambridge/Classes/EmbeddedSystems/KSDK_1.3.0/lib/ksdk_hal_lib/kds/KL25Z4/debug/libksdk_hal.a(fsl_uart_hal.o)
                0x0000cc00                UART_HAL_Putchar
 .text.UART_HAL_Getchar
                0x0000cc34       0x34 /home/eivind/Documents/Cambridge/Classes/EmbeddedSystems/KSDK_1.3.0/lib/ksdk_hal_lib/kds/KL25Z4/debug/libksdk_hal.a(fsl_uart_hal.o)
                0x0000cc34                UART_HAL_Getchar
 .text.UART_HAL_SendDataPolling
                0x0000cc68       0x44 /home/eivind/Documents/Cambridge/Classes/EmbeddedSystems/KSDK_1.3.0/lib/ksdk_hal_lib/kds/KL25Z4/debug/libksdk_hal.a(fsl_uart_hal.o)
                0x0000cc68                UART_HAL_SendDataPolling
 .text.UART_HAL_ReceiveDataPolling
                0x0000ccac       0xa4 /home/eivind/Documents/Cambridge/Classes/EmbeddedSystems/KSDK_1.3.0/lib/ksdk_hal_lib/kds/KL25Z4/debug/libksdk_hal.a(fsl_uart_hal.o)
                0x0000ccac                UART_HAL_ReceiveDataPolling
 .text.UART_HAL_SetIntMode
                0x0000cd50       0xd4 /home/eivind/Documents/Cambridge/Classes/EmbeddedSystems/KSDK_1.3.0/lib/ksdk_hal_lib/kds/KL25Z4/debug/libksdk_hal.a(fsl_uart_hal.o)
                0x0000cd50                UART_HAL_SetIntMode
 .text.UART_HAL_GetStatusFlag
                0x0000ce24       0x8c /home/eivind/Documents/Cambridge/Classes/EmbeddedSystems/KSDK_1.3.0/lib/ksdk_hal_lib/kds/KL25Z4/debug/libksdk_hal.a(fsl_uart_hal.o)
                0x0000ce24                UART_HAL_GetStatusFlag
 .text.UART_HAL_ClearStatusFlag
                0x0000ceb0       0x98 /home/eivind/Documents/Cambridge/Classes/EmbeddedSystems/KSDK_1.3.0/lib/ksdk_hal_lib/kds/KL25Z4/debug/libksdk_hal.a(fsl_uart_hal.o)
                0x0000ceb0                UART_HAL_ClearStatusFlag
 .text.LPSCI_HAL_Putchar
                0x0000cf48       0x1c /home/eivind/Documents/Cambridge/Classes/EmbeddedSystems/KSDK_1.3.0/lib/ksdk_hal_lib/kds/KL25Z4/debug/libksdk_hal.a(fsl_lpsci_hal.o)
 .text.LPSCI_HAL_Getchar
                0x0000cf64       0x1c /home/eivind/Documents/Cambridge/Classes/EmbeddedSystems/KSDK_1.3.0/lib/ksdk_hal_lib/kds/KL25Z4/debug/libksdk_hal.a(fsl_lpsci_hal.o)
 .text.LPSCI_HAL_SetBaudRate
                0x0000cf80      0x14c /home/eivind/Documents/Cambridge/Classes/EmbeddedSystems/KSDK_1.3.0/lib/ksdk_hal_lib/kds/KL25Z4/debug/libksdk_hal.a(fsl_lpsci_hal.o)
                0x0000cf80                LPSCI_HAL_SetBaudRate
 .text.LPSCI_HAL_SetParityMode
                0x0000d0cc       0x40 /home/eivind/Documents/Cambridge/Classes/EmbeddedSystems/KSDK_1.3.0/lib/ksdk_hal_lib/kds/KL25Z4/debug/libksdk_hal.a(fsl_lpsci_hal.o)
                0x0000d0cc                LPSCI_HAL_SetParityMode
 .text.LPSCI_HAL_SendDataPolling
                0x0000d10c       0x44 /home/eivind/Documents/Cambridge/Classes/EmbeddedSystems/KSDK_1.3.0/lib/ksdk_hal_lib/kds/KL25Z4/debug/libksdk_hal.a(fsl_lpsci_hal.o)
                0x0000d10c                LPSCI_HAL_SendDataPolling
 .text.LPSCI_HAL_ReceiveDataPolling
                0x0000d150       0x88 /home/eivind/Documents/Cambridge/Classes/EmbeddedSystems/KSDK_1.3.0/lib/ksdk_hal_lib/kds/KL25Z4/debug/libksdk_hal.a(fsl_lpsci_hal.o)
                0x0000d150                LPSCI_HAL_ReceiveDataPolling
 .text.NVIC_EnableIRQ
                0x0000d1d8       0x2c /home/eivind/Documents/Cambridge/Classes/EmbeddedSystems/KSDK_1.3.0/lib/ksdk_platform_lib/kds/KL25Z4/debug/libksdk_platform.a(fsl_uart_driver.o)
 .text.UART_HAL_EnableTransmitter
                0x0000d204       0x1c /home/eivind/Documents/Cambridge/Classes/EmbeddedSystems/KSDK_1.3.0/lib/ksdk_platform_lib/kds/KL25Z4/debug/libksdk_platform.a(fsl_uart_driver.o)
 .text.UART_HAL_EnableReceiver
                0x0000d220       0x1c /home/eivind/Documents/Cambridge/Classes/EmbeddedSystems/KSDK_1.3.0/lib/ksdk_platform_lib/kds/KL25Z4/debug/libksdk_platform.a(fsl_uart_driver.o)
 .text.UART_HAL_SetBitCountPerChar
                0x0000d23c       0x28 /home/eivind/Documents/Cambridge/Classes/EmbeddedSystems/KSDK_1.3.0/lib/ksdk_platform_lib/kds/KL25Z4/debug/libksdk_platform.a(fsl_uart_driver.o)
 .text.UART_HAL_SetStopBitCount
                0x0000d264       0x28 /home/eivind/Documents/Cambridge/Classes/EmbeddedSystems/KSDK_1.3.0/lib/ksdk_platform_lib/kds/KL25Z4/debug/libksdk_platform.a(fsl_uart_driver.o)
 .text.INT_SYS_EnableIRQ
                0x0000d28c       0x5c /home/eivind/Documents/Cambridge/Classes/EmbeddedSystems/KSDK_1.3.0/lib/ksdk_platform_lib/kds/KL25Z4/debug/libksdk_platform.a(fsl_uart_driver.o)
 .text.UART_DRV_Init
                0x0000d2e8      0x144 /home/eivind/Documents/Cambridge/Classes/EmbeddedSystems/KSDK_1.3.0/lib/ksdk_platform_lib/kds/KL25Z4/debug/libksdk_platform.a(fsl_uart_driver.o)
                0x0000d2e8                UART_DRV_Init
 .text.UART_DRV_InstallRxCallback
                0x0000d42c       0x88 /home/eivind/Documents/Cambridge/Classes/EmbeddedSystems/KSDK_1.3.0/lib/ksdk_platform_lib/kds/KL25Z4/debug/libksdk_platform.a(fsl_uart_driver.o)
                0x0000d42c                UART_DRV_InstallRxCallback
 .text.UART_DRV_SendDataBlocking
                0x0000d4b4       0xec /home/eivind/Documents/Cambridge/Classes/EmbeddedSystems/KSDK_1.3.0/lib/ksdk_platform_lib/kds/KL25Z4/debug/libksdk_platform.a(fsl_uart_driver.o)
                0x0000d4b4                UART_DRV_SendDataBlocking
 .text.UART_DRV_IRQHandler
                0x0000d5a0      0x16c /home/eivind/Documents/Cambridge/Classes/EmbeddedSystems/KSDK_1.3.0/lib/ksdk_platform_lib/kds/KL25Z4/debug/libksdk_platform.a(fsl_uart_driver.o)
                0x0000d5a0                UART_DRV_IRQHandler
 .text.UART_DRV_CompleteSendData
                0x0000d70c       0x74 /home/eivind/Documents/Cambridge/Classes/EmbeddedSystems/KSDK_1.3.0/lib/ksdk_platform_lib/kds/KL25Z4/debug/libksdk_platform.a(fsl_uart_driver.o)
 .text.UART_DRV_StartSendData
                0x0000d780       0x8c /home/eivind/Documents/Cambridge/Classes/EmbeddedSystems/KSDK_1.3.0/lib/ksdk_platform_lib/kds/KL25Z4/debug/libksdk_platform.a(fsl_uart_driver.o)
 .text.UART_DRV_CompleteReceiveData
                0x0000d80c       0x88 /home/eivind/Documents/Cambridge/Classes/EmbeddedSystems/KSDK_1.3.0/lib/ksdk_platform_lib/kds/KL25Z4/debug/libksdk_platform.a(fsl_uart_driver.o)
 .text.NVIC_EnableIRQ
                0x0000d894       0x2c /home/eivind/Documents/Cambridge/Classes/EmbeddedSystems/KSDK_1.3.0/lib/ksdk_platform_lib/kds/KL25Z4/debug/libksdk_platform.a(fsl_spi_master_driver.o)
 .text.SPI_HAL_Enable
                0x0000d8c0       0x1c /home/eivind/Documents/Cambridge/Classes/EmbeddedSystems/KSDK_1.3.0/lib/ksdk_platform_lib/kds/KL25Z4/debug/libksdk_platform.a(fsl_spi_master_driver.o)
 .text.SPI_HAL_Disable
                0x0000d8dc       0x1c /home/eivind/Documents/Cambridge/Classes/EmbeddedSystems/KSDK_1.3.0/lib/ksdk_platform_lib/kds/KL25Z4/debug/libksdk_platform.a(fsl_spi_master_driver.o)
 .text.SPI_HAL_SetMasterSlave
                0x0000d8f8       0x28 /home/eivind/Documents/Cambridge/Classes/EmbeddedSystems/KSDK_1.3.0/lib/ksdk_platform_lib/kds/KL25Z4/debug/libksdk_platform.a(fsl_spi_master_driver.o)
 .text.SPI_HAL_IsReadBuffFullPending
                0x0000d920       0x20 /home/eivind/Documents/Cambridge/Classes/EmbeddedSystems/KSDK_1.3.0/lib/ksdk_platform_lib/kds/KL25Z4/debug/libksdk_platform.a(fsl_spi_master_driver.o)
 .text.SPI_HAL_IsTxBuffEmptyPending
                0x0000d940       0x24 /home/eivind/Documents/Cambridge/Classes/EmbeddedSystems/KSDK_1.3.0/lib/ksdk_platform_lib/kds/KL25Z4/debug/libksdk_platform.a(fsl_spi_master_driver.o)
 .text.SPI_HAL_ReadData
                0x0000d964       0x18 /home/eivind/Documents/Cambridge/Classes/EmbeddedSystems/KSDK_1.3.0/lib/ksdk_platform_lib/kds/KL25Z4/debug/libksdk_platform.a(fsl_spi_master_driver.o)
 .text.SPI_HAL_WriteData
                0x0000d97c       0x1c /home/eivind/Documents/Cambridge/Classes/EmbeddedSystems/KSDK_1.3.0/lib/ksdk_platform_lib/kds/KL25Z4/debug/libksdk_platform.a(fsl_spi_master_driver.o)
 .text.INT_SYS_EnableIRQ
                0x0000d998       0x5c /home/eivind/Documents/Cambridge/Classes/EmbeddedSystems/KSDK_1.3.0/lib/ksdk_platform_lib/kds/KL25Z4/debug/libksdk_platform.a(fsl_spi_master_driver.o)
 .text.SPI_DRV_MasterInit
                0x0000d9f4       0xac /home/eivind/Documents/Cambridge/Classes/EmbeddedSystems/KSDK_1.3.0/lib/ksdk_platform_lib/kds/KL25Z4/debug/libksdk_platform.a(fsl_spi_master_driver.o)
                0x0000d9f4                SPI_DRV_MasterInit
 .text.SPI_DRV_MasterConfigureBus
                0x0000daa0       0x7c /home/eivind/Documents/Cambridge/Classes/EmbeddedSystems/KSDK_1.3.0/lib/ksdk_platform_lib/kds/KL25Z4/debug/libksdk_platform.a(fsl_spi_master_driver.o)
                0x0000daa0                SPI_DRV_MasterConfigureBus
 .text.SPI_DRV_MasterTransferBlocking
                0x0000db1c       0xd8 /home/eivind/Documents/Cambridge/Classes/EmbeddedSystems/KSDK_1.3.0/lib/ksdk_platform_lib/kds/KL25Z4/debug/libksdk_platform.a(fsl_spi_master_driver.o)
                0x0000db1c                SPI_DRV_MasterTransferBlocking
 .text.SPI_DRV_MasterStartTransfer
                0x0000dbf4       0xf4 /home/eivind/Documents/Cambridge/Classes/EmbeddedSystems/KSDK_1.3.0/lib/ksdk_platform_lib/kds/KL25Z4/debug/libksdk_platform.a(fsl_spi_master_driver.o)
 .text.SPI_DRV_MasterCompleteTransfer
                0x0000dce8       0x5c /home/eivind/Documents/Cambridge/Classes/EmbeddedSystems/KSDK_1.3.0/lib/ksdk_platform_lib/kds/KL25Z4/debug/libksdk_platform.a(fsl_spi_master_driver.o)
 .text.SPI_DRV_MasterIRQHandler
                0x0000dd44      0x104 /home/eivind/Documents/Cambridge/Classes/EmbeddedSystems/KSDK_1.3.0/lib/ksdk_platform_lib/kds/KL25Z4/debug/libksdk_platform.a(fsl_spi_master_driver.o)
                0x0000dd44                SPI_DRV_MasterIRQHandler
 .text.SPI_HAL_IsMaster
                0x0000de48       0x24 /home/eivind/Documents/Cambridge/Classes/EmbeddedSystems/KSDK_1.3.0/lib/ksdk_platform_lib/kds/KL25Z4/debug/libksdk_platform.a(fsl_spi_shared_function.o)
 .text.SPI_DRV_IRQHandler
                0x0000de6c       0x5c /home/eivind/Documents/Cambridge/Classes/EmbeddedSystems/KSDK_1.3.0/lib/ksdk_platform_lib/kds/KL25Z4/debug/libksdk_platform.a(fsl_spi_shared_function.o)
                0x0000de6c                SPI_DRV_IRQHandler
 .text.NVIC_EnableIRQ
                0x0000dec8       0x2c /home/eivind/Documents/Cambridge/Classes/EmbeddedSystems/KSDK_1.3.0/lib/ksdk_platform_lib/kds/KL25Z4/debug/libksdk_platform.a(fsl_i2c_master_driver.o)
 .text.I2C_HAL_Enable
                0x0000def4       0x1c /home/eivind/Documents/Cambridge/Classes/EmbeddedSystems/KSDK_1.3.0/lib/ksdk_platform_lib/kds/KL25Z4/debug/libksdk_platform.a(fsl_i2c_master_driver.o)
 .text.I2C_HAL_SendAck
                0x0000df10       0x1c /home/eivind/Documents/Cambridge/Classes/EmbeddedSystems/KSDK_1.3.0/lib/ksdk_platform_lib/kds/KL25Z4/debug/libksdk_platform.a(fsl_i2c_master_driver.o)
 .text.I2C_HAL_SendNak
                0x0000df2c       0x1c /home/eivind/Documents/Cambridge/Classes/EmbeddedSystems/KSDK_1.3.0/lib/ksdk_platform_lib/kds/KL25Z4/debug/libksdk_platform.a(fsl_i2c_master_driver.o)
 .text.I2C_HAL_SetDirMode
                0x0000df48       0x28 /home/eivind/Documents/Cambridge/Classes/EmbeddedSystems/KSDK_1.3.0/lib/ksdk_platform_lib/kds/KL25Z4/debug/libksdk_platform.a(fsl_i2c_master_driver.o)
 .text.I2C_HAL_GetDirMode
                0x0000df70       0x20 /home/eivind/Documents/Cambridge/Classes/EmbeddedSystems/KSDK_1.3.0/lib/ksdk_platform_lib/kds/KL25Z4/debug/libksdk_platform.a(fsl_i2c_master_driver.o)
 .text.I2C_HAL_ReadByte
                0x0000df90       0x18 /home/eivind/Documents/Cambridge/Classes/EmbeddedSystems/KSDK_1.3.0/lib/ksdk_platform_lib/kds/KL25Z4/debug/libksdk_platform.a(fsl_i2c_master_driver.o)
 .text.I2C_HAL_WriteByte
                0x0000dfa8       0x1c /home/eivind/Documents/Cambridge/Classes/EmbeddedSystems/KSDK_1.3.0/lib/ksdk_platform_lib/kds/KL25Z4/debug/libksdk_platform.a(fsl_i2c_master_driver.o)
 .text.I2C_HAL_GetStatusFlag
                0x0000dfc4       0x34 /home/eivind/Documents/Cambridge/Classes/EmbeddedSystems/KSDK_1.3.0/lib/ksdk_platform_lib/kds/KL25Z4/debug/libksdk_platform.a(fsl_i2c_master_driver.o)
 .text.I2C_HAL_IsMaster
                0x0000dff8       0x24 /home/eivind/Documents/Cambridge/Classes/EmbeddedSystems/KSDK_1.3.0/lib/ksdk_platform_lib/kds/KL25Z4/debug/libksdk_platform.a(fsl_i2c_master_driver.o)
 .text.I2C_HAL_ClearArbitrationLost
                0x0000e01c       0x14 /home/eivind/Documents/Cambridge/Classes/EmbeddedSystems/KSDK_1.3.0/lib/ksdk_platform_lib/kds/KL25Z4/debug/libksdk_platform.a(fsl_i2c_master_driver.o)
 .text.I2C_HAL_SetIntCmd
                0x0000e030       0x28 /home/eivind/Documents/Cambridge/Classes/EmbeddedSystems/KSDK_1.3.0/lib/ksdk_platform_lib/kds/KL25Z4/debug/libksdk_platform.a(fsl_i2c_master_driver.o)
 .text.I2C_HAL_ClearInt
                0x0000e058       0x14 /home/eivind/Documents/Cambridge/Classes/EmbeddedSystems/KSDK_1.3.0/lib/ksdk_platform_lib/kds/KL25Z4/debug/libksdk_platform.a(fsl_i2c_master_driver.o)
 .text.INT_SYS_EnableIRQ
                0x0000e06c       0x5c /home/eivind/Documents/Cambridge/Classes/EmbeddedSystems/KSDK_1.3.0/lib/ksdk_platform_lib/kds/KL25Z4/debug/libksdk_platform.a(fsl_i2c_master_driver.o)
 .text.I2C_DRV_MasterInit
                0x0000e0c8       0xc4 /home/eivind/Documents/Cambridge/Classes/EmbeddedSystems/KSDK_1.3.0/lib/ksdk_platform_lib/kds/KL25Z4/debug/libksdk_platform.a(fsl_i2c_master_driver.o)
                0x0000e0c8                I2C_DRV_MasterInit
 .text.I2C_DRV_MasterSetBaudRate
                0x0000e18c       0x98 /home/eivind/Documents/Cambridge/Classes/EmbeddedSystems/KSDK_1.3.0/lib/ksdk_platform_lib/kds/KL25Z4/debug/libksdk_platform.a(fsl_i2c_master_driver.o)
                0x0000e18c                I2C_DRV_MasterSetBaudRate
 .text.I2C_DRV_MasterSendDataBlocking
                0x0000e224       0x34 /home/eivind/Documents/Cambridge/Classes/EmbeddedSystems/KSDK_1.3.0/lib/ksdk_platform_lib/kds/KL25Z4/debug/libksdk_platform.a(fsl_i2c_master_driver.o)
                0x0000e224                I2C_DRV_MasterSendDataBlocking
 .text.I2C_DRV_MasterReceiveDataBlocking
                0x0000e258       0x34 /home/eivind/Documents/Cambridge/Classes/EmbeddedSystems/KSDK_1.3.0/lib/ksdk_platform_lib/kds/KL25Z4/debug/libksdk_platform.a(fsl_i2c_master_driver.o)
                0x0000e258                I2C_DRV_MasterReceiveDataBlocking
 .text.I2C_DRV_MasterIRQHandler
                0x0000e28c      0x180 /home/eivind/Documents/Cambridge/Classes/EmbeddedSystems/KSDK_1.3.0/lib/ksdk_platform_lib/kds/KL25Z4/debug/libksdk_platform.a(fsl_i2c_master_driver.o)
                0x0000e28c                I2C_DRV_MasterIRQHandler
 .text.I2C_DRV_MasterWait
                0x0000e40c       0x78 /home/eivind/Documents/Cambridge/Classes/EmbeddedSystems/KSDK_1.3.0/lib/ksdk_platform_lib/kds/KL25Z4/debug/libksdk_platform.a(fsl_i2c_master_driver.o)
 .text.I2C_DRV_CompleteTransfer
                0x0000e484       0x98 /home/eivind/Documents/Cambridge/Classes/EmbeddedSystems/KSDK_1.3.0/lib/ksdk_platform_lib/kds/KL25Z4/debug/libksdk_platform.a(fsl_i2c_master_driver.o)
 .text.I2C_DRV_SendAddress
                0x0000e51c      0x228 /home/eivind/Documents/Cambridge/Classes/EmbeddedSystems/KSDK_1.3.0/lib/ksdk_platform_lib/kds/KL25Z4/debug/libksdk_platform.a(fsl_i2c_master_driver.o)
 .text.I2C_DRV_MasterSend
                0x0000e744      0x1ac /home/eivind/Documents/Cambridge/Classes/EmbeddedSystems/KSDK_1.3.0/lib/ksdk_platform_lib/kds/KL25Z4/debug/libksdk_platform.a(fsl_i2c_master_driver.o)
 .text.I2C_DRV_MasterReceive
                0x0000e8f0      0x1bc /home/eivind/Documents/Cambridge/Classes/EmbeddedSystems/KSDK_1.3.0/lib/ksdk_platform_lib/kds/KL25Z4/debug/libksdk_platform.a(fsl_i2c_master_driver.o)
 .text.I2C_HAL_GetStatusFlag
                0x0000eaac       0x34 /home/eivind/Documents/Cambridge/Classes/EmbeddedSystems/KSDK_1.3.0/lib/ksdk_platform_lib/kds/KL25Z4/debug/libksdk_platform.a(fsl_i2c_shared_function.o)
 .text.I2C_HAL_IsMaster
                0x0000eae0       0x24 /home/eivind/Documents/Cambridge/Classes/EmbeddedSystems/KSDK_1.3.0/lib/ksdk_platform_lib/kds/KL25Z4/debug/libksdk_platform.a(fsl_i2c_shared_function.o)
 .text.I2C_DRV_IRQHandler
                0x0000eb04       0x78 /home/eivind/Documents/Cambridge/Classes/EmbeddedSystems/KSDK_1.3.0/lib/ksdk_platform_lib/kds/KL25Z4/debug/libksdk_platform.a(fsl_i2c_shared_function.o)
                0x0000eb04                I2C_DRV_IRQHandler
 .text.NVIC_EnableIRQ
                0x0000eb7c       0x2c /home/eivind/Documents/Cambridge/Classes/EmbeddedSystems/KSDK_1.3.0/lib/ksdk_platform_lib/kds/KL25Z4/debug/libksdk_platform.a(fsl_gpio_driver.o)
 .text.PORT_HAL_SetPullCmd
                0x0000eba8       0x4c /home/eivind/Documents/Cambridge/Classes/EmbeddedSystems/KSDK_1.3.0/lib/ksdk_platform_lib/kds/KL25Z4/debug/libksdk_platform.a(fsl_gpio_driver.o)
 .text.PORT_HAL_SetSlewRateMode
                0x0000ebf4       0x4c /home/eivind/Documents/Cambridge/Classes/EmbeddedSystems/KSDK_1.3.0/lib/ksdk_platform_lib/kds/KL25Z4/debug/libksdk_platform.a(fsl_gpio_driver.o)
 .text.PORT_HAL_SetPassiveFilterCmd
                0x0000ec40       0x4c /home/eivind/Documents/Cambridge/Classes/EmbeddedSystems/KSDK_1.3.0/lib/ksdk_platform_lib/kds/KL25Z4/debug/libksdk_platform.a(fsl_gpio_driver.o)
 .text.PORT_HAL_SetDriveStrengthMode
                0x0000ec8c       0x4c /home/eivind/Documents/Cambridge/Classes/EmbeddedSystems/KSDK_1.3.0/lib/ksdk_platform_lib/kds/KL25Z4/debug/libksdk_platform.a(fsl_gpio_driver.o)
 .text.PORT_HAL_SetMuxMode
                0x0000ecd8       0x4c /home/eivind/Documents/Cambridge/Classes/EmbeddedSystems/KSDK_1.3.0/lib/ksdk_platform_lib/kds/KL25Z4/debug/libksdk_platform.a(fsl_gpio_driver.o)
 .text.PORT_HAL_SetPinIntMode
                0x0000ed24       0x4c /home/eivind/Documents/Cambridge/Classes/EmbeddedSystems/KSDK_1.3.0/lib/ksdk_platform_lib/kds/KL25Z4/debug/libksdk_platform.a(fsl_gpio_driver.o)
 .text.GPIO_HAL_SetPinOutput
                0x0000ed70       0x3c /home/eivind/Documents/Cambridge/Classes/EmbeddedSystems/KSDK_1.3.0/lib/ksdk_platform_lib/kds/KL25Z4/debug/libksdk_platform.a(fsl_gpio_driver.o)
 .text.GPIO_HAL_ClearPinOutput
                0x0000edac       0x3c /home/eivind/Documents/Cambridge/Classes/EmbeddedSystems/KSDK_1.3.0/lib/ksdk_platform_lib/kds/KL25Z4/debug/libksdk_platform.a(fsl_gpio_driver.o)
 .text.GPIO_HAL_TogglePinOutput
                0x0000ede8       0x3c /home/eivind/Documents/Cambridge/Classes/EmbeddedSystems/KSDK_1.3.0/lib/ksdk_platform_lib/kds/KL25Z4/debug/libksdk_platform.a(fsl_gpio_driver.o)
 .text.INT_SYS_EnableIRQ
                0x0000ee24       0x5c /home/eivind/Documents/Cambridge/Classes/EmbeddedSystems/KSDK_1.3.0/lib/ksdk_platform_lib/kds/KL25Z4/debug/libksdk_platform.a(fsl_gpio_driver.o)
 .text.GPIO_DRV_Init
                0x0000ee80       0x4c /home/eivind/Documents/Cambridge/Classes/EmbeddedSystems/KSDK_1.3.0/lib/ksdk_platform_lib/kds/KL25Z4/debug/libksdk_platform.a(fsl_gpio_driver.o)
                0x0000ee80                GPIO_DRV_Init
 .text.GPIO_DRV_InputPinInit
                0x0000eecc       0xc4 /home/eivind/Documents/Cambridge/Classes/EmbeddedSystems/KSDK_1.3.0/lib/ksdk_platform_lib/kds/KL25Z4/debug/libksdk_platform.a(fsl_gpio_driver.o)
                0x0000eecc                GPIO_DRV_InputPinInit
 .text.GPIO_DRV_OutputPinInit
                0x0000ef90       0x9c /home/eivind/Documents/Cambridge/Classes/EmbeddedSystems/KSDK_1.3.0/lib/ksdk_platform_lib/kds/KL25Z4/debug/libksdk_platform.a(fsl_gpio_driver.o)
                0x0000ef90                GPIO_DRV_OutputPinInit
 .text.GPIO_DRV_SetPinOutput
                0x0000f02c       0x38 /home/eivind/Documents/Cambridge/Classes/EmbeddedSystems/KSDK_1.3.0/lib/ksdk_platform_lib/kds/KL25Z4/debug/libksdk_platform.a(fsl_gpio_driver.o)
                0x0000f02c                GPIO_DRV_SetPinOutput
 .text.GPIO_DRV_ClearPinOutput
                0x0000f064       0x38 /home/eivind/Documents/Cambridge/Classes/EmbeddedSystems/KSDK_1.3.0/lib/ksdk_platform_lib/kds/KL25Z4/debug/libksdk_platform.a(fsl_gpio_driver.o)
                0x0000f064                GPIO_DRV_ClearPinOutput
 .text.GPIO_DRV_TogglePinOutput
                0x0000f09c       0x38 /home/eivind/Documents/Cambridge/Classes/EmbeddedSystems/KSDK_1.3.0/lib/ksdk_platform_lib/kds/KL25Z4/debug/libksdk_platform.a(fsl_gpio_driver.o)
                0x0000f09c                GPIO_DRV_TogglePinOutput
 .text.SIM_HAL_EnableClock
                0x0000f0d4       0x58 /home/eivind/Documents/Cambridge/Classes/EmbeddedSystems/KSDK_1.3.0/lib/ksdk_platform_lib/kds/KL25Z4/debug/libksdk_platform.a(fsl_clock_MKL25Z4.o)
 .text.CLOCK_HAL_GetLpsciSrc
                0x0000f12c       0x28 /home/eivind/Documents/Cambridge/Classes/EmbeddedSystems/KSDK_1.3.0/lib/ksdk_platform_lib/kds/KL25Z4/debug/libksdk_platform.a(fsl_clock_MKL25Z4.o)
 .text.CLOCK_HAL_SetExternalRefClock32kSrc
                0x0000f154       0x28 /home/eivind/Documents/Cambridge/Classes/EmbeddedSystems/KSDK_1.3.0/lib/ksdk_platform_lib/kds/KL25Z4/debug/libksdk_platform.a(fsl_clock_MKL25Z4.o)
 .text.CLOCK_HAL_SetPllfllSel
                0x0000f17c       0x2c /home/eivind/Documents/Cambridge/Classes/EmbeddedSystems/KSDK_1.3.0/lib/ksdk_platform_lib/kds/KL25Z4/debug/libksdk_platform.a(fsl_clock_MKL25Z4.o)
 .text.CLOCK_HAL_GetPllfllSel
                0x0000f1a8       0x24 /home/eivind/Documents/Cambridge/Classes/EmbeddedSystems/KSDK_1.3.0/lib/ksdk_platform_lib/kds/KL25Z4/debug/libksdk_platform.a(fsl_clock_MKL25Z4.o)
 .text.CLOCK_HAL_GetOutDiv1
                0x0000f1cc       0x28 /home/eivind/Documents/Cambridge/Classes/EmbeddedSystems/KSDK_1.3.0/lib/ksdk_platform_lib/kds/KL25Z4/debug/libksdk_platform.a(fsl_clock_MKL25Z4.o)
 .text.CLOCK_HAL_GetOutDiv4
                0x0000f1f4       0x28 /home/eivind/Documents/Cambridge/Classes/EmbeddedSystems/KSDK_1.3.0/lib/ksdk_platform_lib/kds/KL25Z4/debug/libksdk_platform.a(fsl_clock_MKL25Z4.o)
 .text.OSC_HAL_GetExternalRefClkCmd
                0x0000f21c       0x24 /home/eivind/Documents/Cambridge/Classes/EmbeddedSystems/KSDK_1.3.0/lib/ksdk_platform_lib/kds/KL25Z4/debug/libksdk_platform.a(fsl_clock_MKL25Z4.o)
 .text.CLOCK_SYS_SetSimConfigration
                0x0000f240       0x48 /home/eivind/Documents/Cambridge/Classes/EmbeddedSystems/KSDK_1.3.0/lib/ksdk_platform_lib/kds/KL25Z4/debug/libksdk_platform.a(fsl_clock_MKL25Z4.o)
                0x0000f240                CLOCK_SYS_SetSimConfigration
 .text.CLOCK_SYS_GetSystemClockFreq
                0x0000f288       0x34 /home/eivind/Documents/Cambridge/Classes/EmbeddedSystems/KSDK_1.3.0/lib/ksdk_platform_lib/kds/KL25Z4/debug/libksdk_platform.a(fsl_clock_MKL25Z4.o)
                0x0000f288                CLOCK_SYS_GetSystemClockFreq
 .text.CLOCK_SYS_GetBusClockFreq
                0x0000f2bc       0x2c /home/eivind/Documents/Cambridge/Classes/EmbeddedSystems/KSDK_1.3.0/lib/ksdk_platform_lib/kds/KL25Z4/debug/libksdk_platform.a(fsl_clock_MKL25Z4.o)
                0x0000f2bc                CLOCK_SYS_GetBusClockFreq
 .text.CLOCK_SYS_GetPllFllClockFreq
                0x0000f2e8       0x5c /home/eivind/Documents/Cambridge/Classes/EmbeddedSystems/KSDK_1.3.0/lib/ksdk_platform_lib/kds/KL25Z4/debug/libksdk_platform.a(fsl_clock_MKL25Z4.o)
                0x0000f2e8                CLOCK_SYS_GetPllFllClockFreq
 .text.CLOCK_SYS_GetOsc0ExternalRefClockFreq
                0x0000f344       0x2c /home/eivind/Documents/Cambridge/Classes/EmbeddedSystems/KSDK_1.3.0/lib/ksdk_platform_lib/kds/KL25Z4/debug/libksdk_platform.a(fsl_clock_MKL25Z4.o)
                0x0000f344                CLOCK_SYS_GetOsc0ExternalRefClockFreq
 .text.CLOCK_SYS_GetSpiFreq
                0x0000f370       0x38 /home/eivind/Documents/Cambridge/Classes/EmbeddedSystems/KSDK_1.3.0/lib/ksdk_platform_lib/kds/KL25Z4/debug/libksdk_platform.a(fsl_clock_MKL25Z4.o)
                0x0000f370                CLOCK_SYS_GetSpiFreq
 .text.CLOCK_SYS_GetI2cFreq
                0x0000f3a8       0x28 /home/eivind/Documents/Cambridge/Classes/EmbeddedSystems/KSDK_1.3.0/lib/ksdk_platform_lib/kds/KL25Z4/debug/libksdk_platform.a(fsl_clock_MKL25Z4.o)
                0x0000f3a8                CLOCK_SYS_GetI2cFreq
 .text.CLOCK_SYS_GetLpsciFreq
                0x0000f3d0       0x68 /home/eivind/Documents/Cambridge/Classes/EmbeddedSystems/KSDK_1.3.0/lib/ksdk_platform_lib/kds/KL25Z4/debug/libksdk_platform.a(fsl_clock_MKL25Z4.o)
                0x0000f3d0                CLOCK_SYS_GetLpsciFreq
 .text.CLOCK_SYS_GetUartFreq
                0x0000f438       0x2c /home/eivind/Documents/Cambridge/Classes/EmbeddedSystems/KSDK_1.3.0/lib/ksdk_platform_lib/kds/KL25Z4/debug/libksdk_platform.a(fsl_clock_MKL25Z4.o)
                0x0000f438                CLOCK_SYS_GetUartFreq
 .text.CLOCK_SYS_EnablePortClock
                0x0000f464       0x4c /home/eivind/Documents/Cambridge/Classes/EmbeddedSystems/KSDK_1.3.0/lib/ksdk_platform_lib/kds/KL25Z4/debug/libksdk_platform.a(fsl_clock_MKL25Z4.o)
                0x0000f464                CLOCK_SYS_EnablePortClock
 .text.CLOCK_SYS_EnableSpiClock